Archive member included to satisfy reference by file (symbol)

C:/Users/aguat/.pico-sdk/toolchain/13_2_Rel1/bin/../lib/gcc/arm-none-eabi/13.2.1/thumb/v6-m/nofp\libgcc.a(_dvmd_tls.o)
                              CMakeFiles/blink_qp.dir/C_/Users/aguat/.pico-sdk/sdk/2.0.0/src/rp2_common/pico_divider/divider_hardware.S.obj (__aeabi_idiv0)
C:/Users/aguat/.pico-sdk/toolchain/13_2_Rel1/bin/../lib/gcc/arm-none-eabi/13.2.1/thumb/v6-m/nofp\libg.a(libc_a-calloc.o)
                              CMakeFiles/blink_qp.dir/C_/Users/aguat/.pico-sdk/sdk/2.0.0/src/rp2_common/pico_malloc/malloc.c.obj (calloc)
C:/Users/aguat/.pico-sdk/toolchain/13_2_Rel1/bin/../lib/gcc/arm-none-eabi/13.2.1/thumb/v6-m/nofp\libg.a(libc_a-callocr.o)
                              C:/Users/aguat/.pico-sdk/toolchain/13_2_Rel1/bin/../lib/gcc/arm-none-eabi/13.2.1/thumb/v6-m/nofp\libg.a(libc_a-calloc.o) (_calloc_r)
C:/Users/aguat/.pico-sdk/toolchain/13_2_Rel1/bin/../lib/gcc/arm-none-eabi/13.2.1/thumb/v6-m/nofp\libg.a(libc_a-malloc.o)
                              CMakeFiles/blink_qp.dir/C_/Users/aguat/.pico-sdk/sdk/2.0.0/src/rp2_common/pico_malloc/malloc.c.obj (malloc)
C:/Users/aguat/.pico-sdk/toolchain/13_2_Rel1/bin/../lib/gcc/arm-none-eabi/13.2.1/thumb/v6-m/nofp\libg.a(libc_a-mallocr.o)
                              C:/Users/aguat/.pico-sdk/toolchain/13_2_Rel1/bin/../lib/gcc/arm-none-eabi/13.2.1/thumb/v6-m/nofp\libg.a(libc_a-callocr.o) (_malloc_r)
C:/Users/aguat/.pico-sdk/toolchain/13_2_Rel1/bin/../lib/gcc/arm-none-eabi/13.2.1/thumb/v6-m/nofp\libg.a(libc_a-mlock.o)
                              C:/Users/aguat/.pico-sdk/toolchain/13_2_Rel1/bin/../lib/gcc/arm-none-eabi/13.2.1/thumb/v6-m/nofp\libg.a(libc_a-mallocr.o) (__malloc_lock)
C:/Users/aguat/.pico-sdk/toolchain/13_2_Rel1/bin/../lib/gcc/arm-none-eabi/13.2.1/thumb/v6-m/nofp\libg.a(libc_a-realloc.o)
                              CMakeFiles/blink_qp.dir/C_/Users/aguat/.pico-sdk/sdk/2.0.0/src/rp2_common/pico_malloc/malloc.c.obj (realloc)
C:/Users/aguat/.pico-sdk/toolchain/13_2_Rel1/bin/../lib/gcc/arm-none-eabi/13.2.1/thumb/v6-m/nofp\libg.a(libc_a-reallocr.o)
                              C:/Users/aguat/.pico-sdk/toolchain/13_2_Rel1/bin/../lib/gcc/arm-none-eabi/13.2.1/thumb/v6-m/nofp\libg.a(libc_a-realloc.o) (_realloc_r)
C:/Users/aguat/.pico-sdk/toolchain/13_2_Rel1/bin/../lib/gcc/arm-none-eabi/13.2.1/thumb/v6-m/nofp\libg.a(libc_a-fprintf.o)
                              CMakeFiles/blink_qp.dir/qpc/qm/bsp.c.obj (fprintf)
C:/Users/aguat/.pico-sdk/toolchain/13_2_Rel1/bin/../lib/gcc/arm-none-eabi/13.2.1/thumb/v6-m/nofp\libg.a(libc_a-memcmp.o)
                              CMakeFiles/blink_qp.dir/C_/Users/aguat/.pico-sdk/sdk/2.0.0/src/rp2_common/pico_atomic/atomic.c.obj (memcmp)
C:/Users/aguat/.pico-sdk/toolchain/13_2_Rel1/bin/../lib/gcc/arm-none-eabi/13.2.1/thumb/v6-m/nofp\libg.a(libc_a-memmove.o)
                              C:/Users/aguat/.pico-sdk/toolchain/13_2_Rel1/bin/../lib/gcc/arm-none-eabi/13.2.1/thumb/v6-m/nofp\libg.a(libc_a-reallocr.o) (memmove)
C:/Users/aguat/.pico-sdk/toolchain/13_2_Rel1/bin/../lib/gcc/arm-none-eabi/13.2.1/thumb/v6-m/nofp\libg.a(libc_a-lcltime_r.o)
                              CMakeFiles/blink_qp.dir/C_/Users/aguat/.pico-sdk/sdk/2.0.0/src/common/pico_util/datetime.c.obj (localtime_r)
C:/Users/aguat/.pico-sdk/toolchain/13_2_Rel1/bin/../lib/gcc/arm-none-eabi/13.2.1/thumb/v6-m/nofp\libg.a(libc_a-mktime.o)
                              CMakeFiles/blink_qp.dir/C_/Users/aguat/.pico-sdk/sdk/2.0.0/src/common/pico_util/datetime.c.obj (mktime)
C:/Users/aguat/.pico-sdk/toolchain/13_2_Rel1/bin/../lib/gcc/arm-none-eabi/13.2.1/thumb/v6-m/nofp\libg.a(libc_a-month_lengths.o)
                              C:/Users/aguat/.pico-sdk/toolchain/13_2_Rel1/bin/../lib/gcc/arm-none-eabi/13.2.1/thumb/v6-m/nofp\libg.a(libc_a-lcltime_r.o) (__month_lengths)
C:/Users/aguat/.pico-sdk/toolchain/13_2_Rel1/bin/../lib/gcc/arm-none-eabi/13.2.1/thumb/v6-m/nofp\libg.a(libc_a-tzcalc_limits.o)
                              C:/Users/aguat/.pico-sdk/toolchain/13_2_Rel1/bin/../lib/gcc/arm-none-eabi/13.2.1/thumb/v6-m/nofp\libg.a(libc_a-lcltime_r.o) (__tzcalc_limits)
C:/Users/aguat/.pico-sdk/toolchain/13_2_Rel1/bin/../lib/gcc/arm-none-eabi/13.2.1/thumb/v6-m/nofp\libg.a(libc_a-tzlock.o)
                              C:/Users/aguat/.pico-sdk/toolchain/13_2_Rel1/bin/../lib/gcc/arm-none-eabi/13.2.1/thumb/v6-m/nofp\libg.a(libc_a-lcltime_r.o) (__tz_lock)
C:/Users/aguat/.pico-sdk/toolchain/13_2_Rel1/bin/../lib/gcc/arm-none-eabi/13.2.1/thumb/v6-m/nofp\libg.a(libc_a-tzset.o)
                              C:/Users/aguat/.pico-sdk/toolchain/13_2_Rel1/bin/../lib/gcc/arm-none-eabi/13.2.1/thumb/v6-m/nofp\libg.a(libc_a-lcltime_r.o) (_tzset_unlocked)
C:/Users/aguat/.pico-sdk/toolchain/13_2_Rel1/bin/../lib/gcc/arm-none-eabi/13.2.1/thumb/v6-m/nofp\libg.a(libc_a-tzset_r.o)
                              C:/Users/aguat/.pico-sdk/toolchain/13_2_Rel1/bin/../lib/gcc/arm-none-eabi/13.2.1/thumb/v6-m/nofp\libg.a(libc_a-tzset.o) (_tzset_unlocked_r)
[...]
Memory Configuration

Name             Origin             Length             Attributes
FLASH            0x10000000         0x00200000         xr
RAM              0x20000000         0x00040000         xrw
SCRATCH_X        0x20040000         0x00001000         xrw
SCRATCH_Y        0x20041000         0x00001000         xrw
*default*        0x00000000         0xffffffff

Linker script and memory map

LOAD C:/Users/aguat/.pico-sdk/toolchain/13_2_Rel1/bin/../lib/gcc/arm-none-eabi/13.2.1/thumb/v6-m/nofp/crti.o
LOAD C:/Users/aguat/.pico-sdk/toolchain/13_2_Rel1/bin/../lib/gcc/arm-none-eabi/13.2.1/thumb/v6-m/nofp/crtbegin.o
LOAD C:/Users/aguat/.pico-sdk/toolchain/13_2_Rel1/bin/../lib/gcc/arm-none-eabi/13.2.1/thumb/v6-m/nofp/crt0.o

.flash_begin    0x10000000        0x0
                0x10000000                        __flash_binary_start = .

.boot2          0x10000000      0x100
                0x10000000                        __boot2_start__ = .
 *(.boot2)
 .boot2         0x10000000      0x100 C:\Users\aguat\AppData\Local\Temp\ccswscON.o
                0x10000100                        __boot2_end__ = .
                0x00000001                        ASSERT (((__boot2_end__ - __boot2_start__) == 0x100), ERROR: Pico second stage bootloader must be 256 bytes in size)

.text           0x10000100     0xc96c
                0x10000100                        __logical_binary_start = .
 *(.vectors)
 .vectors       0x10000100       0xd4 CMakeFiles/blink_qp.dir/C_/Users/aguat/.pico-sdk/sdk/2.0.0/src/rp2_common/pico_crt0/crt0.S.obj
                0x10000100                __vectors
                0x10000100                __VECTOR_TABLE
                0x100001c0                isr_invalid
                0x100001c0                __default_isrs_start
                0x100001c2                isr_nmi
                0x100001c4                isr_hardfault
                0x100001c6                isr_svcall
                0x100001c8                isr_pendsv
                0x100001cc                isr_irq23
                0x100001cc                isr_irq18
                0x100001cc                isr_irq5
                0x100001cc                isr_irq11
                0x100001cc                isr_irq28
                0x100001cc                isr_irq19
                0x100001cc                isr_irq0
                0x100001cc                isr_irq6
                0x100001cc                isr_irq31
                0x100001cc                isr_irq27
                0x100001cc                isr_irq22
                0x100001cc                isr_irq13
                0x100001cc                isr_irq17
                0x100001cc                isr_irq14
                0x100001cc                __unhandled_user_irq
                0x100001cc                isr_irq2
                0x100001cc                isr_irq10
                0x100001cc                isr_irq8
                0x100001cc                isr_irq24
                0x100001cc                isr_irq1
                0x100001cc                isr_irq7
                0x100001cc                isr_irq21
                0x100001cc                isr_irq20
                0x100001cc                isr_irq15
                0x100001cc                isr_irq25
                0x100001cc                isr_irq12
                0x100001cc                isr_irq30
                0x100001cc                isr_irq4
                0x100001cc                isr_irq16
                0x100001cc                isr_irq29
                0x100001cc                isr_irq26
                0x100001cc                __default_isrs_end
                0x100001cc                isr_irq3
                0x100001cc                isr_irq9
                0x100001d2                unhandled_user_irq_num_in_r0
 *(.binary_info_header)
 .binary_info_header
                0x100001d4       0x14 CMakeFiles/blink_qp.dir/C_/Users/aguat/.pico-sdk/sdk/2.0.0/src/rp2_common/pico_crt0/crt0.S.obj
                0x100001e8                        __binary_info_header_end = .
 *(.embedded_block)
                0x100001e8                        __embedded_block_end = .
 *(.reset)
 .reset         0x100001e8       0x9c CMakeFiles/blink_qp.dir/C_/Users/aguat/.pico-sdk/sdk/2.0.0/src/rp2_common/pico_crt0/crt0.S.obj
                0x100001e8                _entry_point
 *(.init)
 .init          0x10000284        0x4 C:/Users/aguat/.pico-sdk/toolchain/13_2_Rel1/bin/../lib/gcc/arm-none-eabi/13.2.1/thumb/v6-m/nofp/crti.o
                0x10000284                _init
 *(EXCLUDE_FILE(*libm.a: *libc.a:*lib_a-mem*.o *libgcc.a:) .text*)
 .text.register_tm_clones
                0x10000288       0x28 C:/Users/aguat/.pico-sdk/toolchain/13_2_Rel1/bin/../lib/gcc/arm-none-eabi/13.2.1/thumb/v6-m/nofp/crtbegin.o
 .text.frame_dummy
                0x100002b0       0x24 C:/Users/aguat/.pico-sdk/toolchain/13_2_Rel1/bin/../lib/gcc/arm-none-eabi/13.2.1/thumb/v6-m/nofp/crtbegin.o
 .text.startup.main
                0x100002d4       0x18 CMakeFiles/blink_qp.dir/qpc/qm/main.c.obj
                0x100002d4                main
 .text.QF_int_disable_
                0x100002ec       0x1c CMakeFiles/blink_qp.dir/qpc/ports/qv_port.c.obj
                0x100002ec                QF_int_disable_
 .text.QF_int_enable_
                0x10000308       0x1c CMakeFiles/blink_qp.dir/qpc/ports/qv_port.c.obj
                0x10000308                QF_int_enable_
 .text.QF_crit_entry_
                0x10000324       0x1c CMakeFiles/blink_qp.dir/qpc/ports/qv_port.c.obj
                0x10000324                QF_crit_entry_
 .text.QF_crit_exit_
                0x10000340       0x1c CMakeFiles/blink_qp.dir/qpc/ports/qv_port.c.obj
                0x10000340                QF_crit_exit_
 .text.QV_init  0x1000035c        0x4 CMakeFiles/blink_qp.dir/qpc/ports/qv_port.c.obj
                0x1000035c                QV_init
 .text.QF_qlog2
                0x10000360       0x38 CMakeFiles/blink_qp.dir/qpc/ports/qv_port.c.obj
                0x10000360                QF_qlog2
 .text.Blinky_initial
                0x10000398       0x1c CMakeFiles/blink_qp.dir/qpc/qm/blinky.c.obj
 .text.Blinky_off
                0x100003b4       0x2c CMakeFiles/blink_qp.dir/qpc/qm/blinky.c.obj
 .text.Blinky_on
                0x100003e0       0x2c CMakeFiles/blink_qp.dir/qpc/qm/blinky.c.obj
 .text.Blinky_ctor
                0x1000040c       0x24 CMakeFiles/blink_qp.dir/qpc/qm/blinky.c.obj
                0x1000040c                Blinky_ctor
 .text.isr_systick
                0x10000430        0xc CMakeFiles/blink_qp.dir/qpc/qm/bsp.c.obj
                0x10000430                isr_systick
 .text.BSP_init
                0x1000043c       0x14 CMakeFiles/blink_qp.dir/qpc/qm/bsp.c.obj
                0x1000043c                BSP_init
 .text.BSP_start
                0x10000450       0x40 CMakeFiles/blink_qp.dir/qpc/qm/bsp.c.obj
                0x10000450                BSP_start
 .text.BSP_ledOff
                0x10000490       0x10 CMakeFiles/blink_qp.dir/qpc/qm/bsp.c.obj
                0x10000490                BSP_ledOff
 .text.BSP_ledOn
                0x100004a0       0x10 CMakeFiles/blink_qp.dir/qpc/qm/bsp.c.obj
                0x100004a0                BSP_ledOn
 .text.QF_onStartup
                0x100004b0        0x4 CMakeFiles/blink_qp.dir/qpc/qm/bsp.c.obj
                0x100004b0                QF_onStartup
 .text.Q_onError
                0x100004b4       0x24 CMakeFiles/blink_qp.dir/qpc/qm/bsp.c.obj
                0x100004b4                Q_onError
 .text.QV_onIdle
                0x100004d8        0xc CMakeFiles/blink_qp.dir/qpc/qm/bsp.c.obj
                0x100004d8                QV_onIdle
 .text.QHsm_top
                0x100004e4        0x4 CMakeFiles/blink_qp.dir/qpc/src/qf/qep_hsm.c.obj
                0x100004e4                QHsm_top
 .text.QHsm_init_
                0x100004e8      0x124 CMakeFiles/blink_qp.dir/qpc/src/qf/qep_hsm.c.obj
                0x100004e8                QHsm_init_
 .text.QHsm_isIn_
                0x1000060c       0x80 CMakeFiles/blink_qp.dir/qpc/src/qf/qep_hsm.c.obj
                0x1000060c                QHsm_isIn_
 .text.QHsm_ctor
                0x1000068c       0x14 CMakeFiles/blink_qp.dir/qpc/src/qf/qep_hsm.c.obj
                0x1000068c                QHsm_ctor
 .text.QHsm_tran_
                0x100006a0      0x26c CMakeFiles/blink_qp.dir/qpc/src/qf/qep_hsm.c.obj
                0x100006a0                QHsm_tran_
 .text.QHsm_dispatch_
                0x1000090c      0x1ec CMakeFiles/blink_qp.dir/qpc/src/qf/qep_hsm.c.obj
                0x1000090c                QHsm_dispatch_
 .text.QF_bzero_
                0x10000af8       0x10 CMakeFiles/blink_qp.dir/qpc/src/qf/qf_act.c.obj
                0x10000af8                QF_bzero_
 .text.QActive_post_
                0x10000b08       0xd0 CMakeFiles/blink_qp.dir/qpc/src/qf/qf_actq.c.obj
                0x10000b08                QActive_post_
 .text.QActive_get_
                0x10000bd8       0x5c CMakeFiles/blink_qp.dir/qpc/src/qf/qf_actq.c.obj
                0x10000bd8                QActive_get_
 .text.QF_gc    0x10000c34       0x7c CMakeFiles/blink_qp.dir/qpc/src/qf/qf_dyn.c.obj
                0x10000c34                QF_gc
 .text.QMPool_put
                0x10000cb0       0x44 CMakeFiles/blink_qp.dir/qpc/src/qf/qf_mem.c.obj
                0x10000cb0                QMPool_put
 .text.QActive_ctor
                0x10000cf4       0x20 CMakeFiles/blink_qp.dir/qpc/src/qf/qf_qact.c.obj
                0x10000cf4                QActive_ctor
 .text.QActive_register_
                0x10000d14       0xbc CMakeFiles/blink_qp.dir/qpc/src/qf/qf_qact.c.obj
                0x10000d14                QActive_register_
 .text.QEQueue_init
                0x10000dd0       0x20 CMakeFiles/blink_qp.dir/qpc/src/qf/qf_qeq.c.obj
                0x10000dd0                QEQueue_init
 .text.QTimeEvt_ctorX
                0x10000df0       0x3c CMakeFiles/blink_qp.dir/qpc/src/qf/qf_time.c.obj
                0x10000df0                QTimeEvt_ctorX
 .text.QTimeEvt_armX
                0x10000e2c       0x6c CMakeFiles/blink_qp.dir/qpc/src/qf/qf_time.c.obj
                0x10000e2c                QTimeEvt_armX
 .text.QTimeEvt_tick_
                0x10000e98       0xdc CMakeFiles/blink_qp.dir/qpc/src/qf/qf_time.c.obj
                0x10000e98                QTimeEvt_tick_
 .text.QF_init  0x10000f74       0x4c CMakeFiles/blink_qp.dir/qpc/src/qv/qv.c.obj
                0x10000f74                QF_init
 .text.QF_run   0x10000fc0       0xbc CMakeFiles/blink_qp.dir/qpc/src/qv/qv.c.obj
                0x10000fc0                QF_run
 .text.QActive_start_
                0x1000107c       0x4c CMakeFiles/blink_qp.dir/qpc/src/qv/qv.c.obj
                0x1000107c                QActive_start_
 .text.rp2040_chip_version
                0x100010c8        0xc CMakeFiles/blink_qp.dir/C_/Users/aguat/.pico-sdk/sdk/2.0.0/src/rp2040/pico_platform/platform.c.obj
                0x100010c8                rp2040_chip_version
 .text.panic    0x100010d4       0x30 CMakeFiles/blink_qp.dir/C_/Users/aguat/.pico-sdk/sdk/2.0.0/src/rp2_common/pico_platform_panic/panic.c.obj
                0x100010d4                panic
 .text.hw_claim_or_assert
                0x10001104       0x44 CMakeFiles/blink_qp.dir/C_/Users/aguat/.pico-sdk/sdk/2.0.0/src/common/hardware_claim/claim.c.obj
                0x10001104                hw_claim_or_assert
 .text.hw_claim_unused_from_range
                0x10001148       0x9c CMakeFiles/blink_qp.dir/C_/Users/aguat/.pico-sdk/sdk/2.0.0/src/common/hardware_claim/claim.c.obj
                0x10001148                hw_claim_unused_from_range
 .text.next_striped_spin_lock_num
                0x100011e4       0x18 CMakeFiles/blink_qp.dir/C_/Users/aguat/.pico-sdk/sdk/2.0.0/src/rp2_common/hardware_sync/sync.c.obj
                0x100011e4                next_striped_spin_lock_num
 .text.spin_lock_claim_unused
                0x100011fc       0x24 CMakeFiles/blink_qp.dir/C_/Users/aguat/.pico-sdk/sdk/2.0.0/src/rp2_common/hardware_sync/sync.c.obj
                0x100011fc                spin_lock_claim_unused
 .text.spin_locks_reset
                0x10001220       0x1c CMakeFiles/blink_qp.dir/C_/Users/aguat/.pico-sdk/sdk/2.0.0/src/rp2_common/hardware_sync_spin_lock/sync_spin_lock.c.obj
                0x10001220                spin_locks_reset
 .text.runtime_init_per_core_irq_priorities
                0x1000123c       0x24 CMakeFiles/blink_qp.dir/C_/Users/aguat/.pico-sdk/sdk/2.0.0/src/rp2_common/hardware_irq/irq.c.obj
                0x1000123c                runtime_init_per_core_irq_priorities
 .text.irq_set_enabled
                0x10001260       0x24 CMakeFiles/blink_qp.dir/C_/Users/aguat/.pico-sdk/sdk/2.0.0/src/rp2_common/hardware_irq/irq.c.obj
                0x10001260                irq_set_enabled
 .text.irq_is_enabled
                0x10001284       0x18 CMakeFiles/blink_qp.dir/C_/Users/aguat/.pico-sdk/sdk/2.0.0/src/rp2_common/hardware_irq/irq.c.obj
                0x10001284                irq_is_enabled
 .text.irq_set_pending
                0x1000129c       0x10 CMakeFiles/blink_qp.dir/C_/Users/aguat/.pico-sdk/sdk/2.0.0/src/rp2_common/hardware_irq/irq.c.obj
                0x1000129c                irq_set_pending
 .text.irq_has_shared_handler
                0x100012ac       0x2c CMakeFiles/blink_qp.dir/C_/Users/aguat/.pico-sdk/sdk/2.0.0/src/rp2_common/hardware_irq/irq.c.obj
                0x100012ac                irq_has_shared_handler
 .text.irq_set_exclusive_handler
                0x100012d8       0x54 CMakeFiles/blink_qp.dir/C_/Users/aguat/.pico-sdk/sdk/2.0.0/src/rp2_common/hardware_irq/irq.c.obj
                0x100012d8                irq_set_exclusive_handler
 .text.irq_add_shared_handler
                0x1000132c      0x1f4 CMakeFiles/blink_qp.dir/C_/Users/aguat/.pico-sdk/sdk/2.0.0/src/rp2_common/hardware_irq/irq.c.obj
                0x1000132c                irq_add_shared_handler
 .text.irq_add_tail_to_free_list
                0x10001520       0xb4 CMakeFiles/blink_qp.dir/C_/Users/aguat/.pico-sdk/sdk/2.0.0/src/rp2_common/hardware_irq/irq.c.obj
                0x10001520                irq_add_tail_to_free_list
 .text.user_irq_claim_unused
                0x100015d4       0x2c CMakeFiles/blink_qp.dir/C_/Users/aguat/.pico-sdk/sdk/2.0.0/src/rp2_common/hardware_irq/irq.c.obj
                0x100015d4                user_irq_claim_unused
 .text.lock_init
                0x10001600       0x10 CMakeFiles/blink_qp.dir/C_/Users/aguat/.pico-sdk/sdk/2.0.0/src/common/pico_sync/lock_core.c.obj
                0x10001600                lock_init
 .text.runtime_init_mutex
                0x10001610       0x50 CMakeFiles/blink_qp.dir/C_/Users/aguat/.pico-sdk/sdk/2.0.0/src/common/pico_sync/mutex.c.obj
                0x10001610                runtime_init_mutex
 .text.mutex_init
                0x10001660       0x1c CMakeFiles/blink_qp.dir/C_/Users/aguat/.pico-sdk/sdk/2.0.0/src/common/pico_sync/mutex.c.obj
                0x10001660                mutex_init
 .text.critical_section_init
                0x1000167c       0x1c CMakeFiles/blink_qp.dir/C_/Users/aguat/.pico-sdk/sdk/2.0.0/src/common/pico_sync/critical_section.c.obj
                0x1000167c                critical_section_init
 .text.critical_section_init_with_lock_num
                0x10001698       0x14 CMakeFiles/blink_qp.dir/C_/Users/aguat/.pico-sdk/sdk/2.0.0/src/common/pico_sync/critical_section.c.obj
                0x10001698                critical_section_init_with_lock_num
 .text.sleep_until_callback
                0x100016ac       0x30 CMakeFiles/blink_qp.dir/C_/Users/aguat/.pico-sdk/sdk/2.0.0/src/common/pico_time/time.c.obj
 .text.alarm_pool_irq_handler
                0x100016dc      0x2e4 CMakeFiles/blink_qp.dir/C_/Users/aguat/.pico-sdk/sdk/2.0.0/src/common/pico_time/time.c.obj
 .text.runtime_init_default_alarm_pool
                0x100019c0       0xdc CMakeFiles/blink_qp.dir/C_/Users/aguat/.pico-sdk/sdk/2.0.0/src/common/pico_time/time.c.obj
                0x100019c0                runtime_init_default_alarm_pool
 .text.alarm_pool_get_default
                0x10001a9c        0x8 CMakeFiles/blink_qp.dir/C_/Users/aguat/.pico-sdk/sdk/2.0.0/src/common/pico_time/time.c.obj
                0x10001a9c                alarm_pool_get_default
 .text.alarm_pool_add_alarm_at
                0x10001aa4       0xd4 CMakeFiles/blink_qp.dir/C_/Users/aguat/.pico-sdk/sdk/2.0.0/src/common/pico_time/time.c.obj
                0x10001aa4                alarm_pool_add_alarm_at
 .text.alarm_pool_cancel_alarm
                0x10001b78       0x74 CMakeFiles/blink_qp.dir/C_/Users/aguat/.pico-sdk/sdk/2.0.0/src/common/pico_time/time.c.obj
                0x10001b78                alarm_pool_cancel_alarm
 .text.alarm_pool_core_num
                0x10001bec        0x4 CMakeFiles/blink_qp.dir/C_/Users/aguat/.pico-sdk/sdk/2.0.0/src/common/pico_time/time.c.obj
                0x10001bec                alarm_pool_core_num
 .text.best_effort_wfe_or_timeout
                0x10001bf0      0x134 CMakeFiles/blink_qp.dir/C_/Users/aguat/.pico-sdk/sdk/2.0.0/src/common/pico_time/time.c.obj
                0x10001bf0                best_effort_wfe_or_timeout
 .text.timer_hardware_alarm_claim
                0x10001d24       0x14 CMakeFiles/blink_qp.dir/C_/Users/aguat/.pico-sdk/sdk/2.0.0/src/rp2_common/hardware_timer/timer.c.obj
                0x10001d24                timer_hardware_alarm_claim
 .text.timer_time_us_64
                0x10001d38       0x10 CMakeFiles/blink_qp.dir/C_/Users/aguat/.pico-sdk/sdk/2.0.0/src/rp2_common/hardware_timer/timer.c.obj
                0x10001d38                timer_time_us_64
 .text.time_us_64
                0x10001d48       0x14 CMakeFiles/blink_qp.dir/C_/Users/aguat/.pico-sdk/sdk/2.0.0/src/rp2_common/hardware_timer/timer.c.obj
                0x10001d48                time_us_64
 .text.busy_wait_us
                0x10001d5c       0x68 CMakeFiles/blink_qp.dir/C_/Users/aguat/.pico-sdk/sdk/2.0.0/src/rp2_common/hardware_timer/timer.c.obj
                0x10001d5c                busy_wait_us
 .text.clock_configure_int_divider
                0x10001dc4       0xf4 CMakeFiles/blink_qp.dir/C_/Users/aguat/.pico-sdk/sdk/2.0.0/src/rp2_common/hardware_clocks/clocks.c.obj
                0x10001dc4                clock_configure_int_divider
 .text.clock_configure_undivided
                0x10001eb8       0xe8 CMakeFiles/blink_qp.dir/C_/Users/aguat/.pico-sdk/sdk/2.0.0/src/rp2_common/hardware_clocks/clocks.c.obj
                0x10001eb8                clock_configure_undivided
 .text.clock_get_hz
                0x10001fa0        0xc CMakeFiles/blink_qp.dir/C_/Users/aguat/.pico-sdk/sdk/2.0.0/src/rp2_common/hardware_clocks/clocks.c.obj
                0x10001fa0                clock_get_hz
 .text.pll_init
                0x10001fac       0xa4 CMakeFiles/blink_qp.dir/C_/Users/aguat/.pico-sdk/sdk/2.0.0/src/rp2_common/hardware_pll/pll.c.obj
                0x10001fac                pll_init
 .text.watchdog_reboot
                0x10002050       0x9c CMakeFiles/blink_qp.dir/C_/Users/aguat/.pico-sdk/sdk/2.0.0/src/rp2_common/hardware_watchdog/watchdog.c.obj
                0x10002050                watchdog_reboot
 .text.tick_start
                0x100020ec       0x10 CMakeFiles/blink_qp.dir/C_/Users/aguat/.pico-sdk/sdk/2.0.0/src/rp2_common/hardware_ticks/ticks.c.obj
                0x100020ec                tick_start
 .text.xosc_init
                0x100020fc       0x28 CMakeFiles/blink_qp.dir/C_/Users/aguat/.pico-sdk/sdk/2.0.0/src/rp2_common/hardware_xosc/xosc.c.obj
                0x100020fc                xosc_init
 .text.first_per_core_initializer
                0x10002124        0x4 CMakeFiles/blink_qp.dir/C_/Users/aguat/.pico-sdk/sdk/2.0.0/src/rp2_common/pico_runtime/runtime.c.obj
 .text.hard_assertion_failure
                0x10002128        0xc CMakeFiles/blink_qp.dir/C_/Users/aguat/.pico-sdk/sdk/2.0.0/src/rp2_common/pico_runtime/runtime.c.obj
                0x10002128                hard_assertion_failure
 .text.runtime_run_initializers
                0x10002134       0x28 CMakeFiles/blink_qp.dir/C_/Users/aguat/.pico-sdk/sdk/2.0.0/src/rp2_common/pico_runtime/runtime.c.obj
                0x10002134                runtime_run_initializers
 .text.runtime_init_early_resets
                0x1000215c       0x2c CMakeFiles/blink_qp.dir/C_/Users/aguat/.pico-sdk/sdk/2.0.0/src/rp2_common/pico_runtime_init/runtime_init.c.obj
                0x1000215c                runtime_init_early_resets
 .text.runtime_init_usb_power_down
                0x10002188       0x1c CMakeFiles/blink_qp.dir/C_/Users/aguat/.pico-sdk/sdk/2.0.0/src/rp2_common/pico_runtime_init/runtime_init.c.obj
                0x10002188                runtime_init_usb_power_down
 .text.runtime_init_post_clock_resets
                0x100021a4       0x20 CMakeFiles/blink_qp.dir/C_/Users/aguat/.pico-sdk/sdk/2.0.0/src/rp2_common/pico_runtime_init/runtime_init.c.obj
                0x100021a4                runtime_init_post_clock_resets
 .text.runtime_init_rp2040_gpio_ie_disable
                0x100021c4       0x14 CMakeFiles/blink_qp.dir/C_/Users/aguat/.pico-sdk/sdk/2.0.0/src/rp2_common/pico_runtime_init/runtime_init.c.obj
                0x100021c4                runtime_init_rp2040_gpio_ie_disable
 .text.runtime_init_spin_locks_reset
                0x100021d8        0x8 CMakeFiles/blink_qp.dir/C_/Users/aguat/.pico-sdk/sdk/2.0.0/src/rp2_common/pico_runtime_init/runtime_init.c.obj
                0x100021d8                runtime_init_spin_locks_reset
 .text.runtime_init_install_ram_vector_table
                0x100021e0       0x1c CMakeFiles/blink_qp.dir/C_/Users/aguat/.pico-sdk/sdk/2.0.0/src/rp2_common/pico_runtime_init/runtime_init.c.obj
                0x100021e0                runtime_init_install_ram_vector_table
 .text.runtime_init_clocks
                0x100021fc       0xd8 CMakeFiles/blink_qp.dir/C_/Users/aguat/.pico-sdk/sdk/2.0.0/src/rp2_common/pico_runtime_init/runtime_init_clocks.c.obj
                0x100021fc                runtime_init_clocks
 .text          0x100022d4       0x10 CMakeFiles/blink_qp.dir/C_/Users/aguat/.pico-sdk/sdk/2.0.0/src/rp2_common/pico_bit_ops/bit_ops_aeabi.S.obj
 .text.rom_func_lookup
                0x100022e4       0x10 CMakeFiles/blink_qp.dir/C_/Users/aguat/.pico-sdk/sdk/2.0.0/src/rp2_common/pico_bootrom/bootrom.c.obj
                0x100022e4                rom_func_lookup
 .text.rom_data_lookup
                0x100022f4       0x10 CMakeFiles/blink_qp.dir/C_/Users/aguat/.pico-sdk/sdk/2.0.0/src/rp2_common/pico_bootrom/bootrom.c.obj
                0x100022f4                rom_data_lookup
 .text.rom_funcs_lookup
                0x10002304       0x44 CMakeFiles/blink_qp.dir/C_/Users/aguat/.pico-sdk/sdk/2.0.0/src/rp2_common/pico_bootrom/bootrom.c.obj
                0x10002304                rom_funcs_lookup
 .text.rom_reset_usb_boot
                0x10002348       0x20 CMakeFiles/blink_qp.dir/C_/Users/aguat/.pico-sdk/sdk/2.0.0/src/rp2_common/pico_bootrom/bootrom.c.obj
                0x10002348                rom_reset_usb_boot
 .text.__wrap___aeabi_idiv
                0x10002368       0x50 CMakeFiles/blink_qp.dir/C_/Users/aguat/.pico-sdk/sdk/2.0.0/src/rp2_common/pico_divider/divider_hardware.S.obj
                0x10002368                __wrap___aeabi_idivmod
                0x10002368                divmod_s32s32
                0x10002368                div_s32s32
                0x10002368                __wrap___aeabi_idiv
                0x10002370                divmod_s32s32_unsafe
                0x1000239c                divmod_s32s32_savestate
 .text.__wrap___aeabi_uidiv
                0x100023b8       0x4c CMakeFiles/blink_qp.dir/C_/Users/aguat/.pico-sdk/sdk/2.0.0/src/rp2_common/pico_divider/divider_hardware.S.obj
                0x100023b8                __wrap___aeabi_uidiv
                0x100023b8                __wrap___aeabi_uidivmod
                0x100023b8                div_u32u32
                0x100023b8                divmod_u32u32
                0x100023c0                divmod_u32u32_unsafe
                0x100023e8                divmod_u32u32_savestate
 .text.__wrap___aeabi_ldiv
                0x10002404      0x424 CMakeFiles/blink_qp.dir/C_/Users/aguat/.pico-sdk/sdk/2.0.0/src/rp2_common/pico_divider/divider_hardware.S.obj
                0x10002404                div_s64s64
                0x10002404                divmod_s64s64
                0x10002404                __wrap___aeabi_ldivmod
                0x10002434                divmod_u64u64
                0x10002434                div_u64u64
                0x10002434                __wrap___aeabi_uldivmod
                0x10002444                divmod_u64u64_savestate
                0x10002464                divmod_s64s64_unsafe
                0x100024ec                divmod_u64u64_unsafe
 .text.__wrap___aeabi_darithmetic
                0x10002828       0x80 CMakeFiles/blink_qp.dir/C_/Users/aguat/.pico-sdk/sdk/2.0.0/src/rp2_common/pico_double/double_aeabi_rp2040.S.obj
                0x10002828                __wrap___aeabi_drsub
                0x1000282e                __wrap___aeabi_dsub
                0x10002840                __wrap___aeabi_dadd
                0x10002852                __wrap___aeabi_ddiv
                0x1000288e                __wrap___aeabi_dmul
 .text.__wrap___aeabi_cdcmple
                0x100028a8       0x6c CMakeFiles/blink_qp.dir/C_/Users/aguat/.pico-sdk/sdk/2.0.0/src/rp2_common/pico_double/double_aeabi_rp2040.S.obj
                0x100028a8                __wrap___aeabi_cdrcmple
                0x100028b8                __wrap___aeabi_cdcmpeq
                0x100028b8                __wrap___aeabi_cdcmple
 .text.__wrap___aeabi_dcmpeq
                0x10002914       0x10 CMakeFiles/blink_qp.dir/C_/Users/aguat/.pico-sdk/sdk/2.0.0/src/rp2_common/pico_double/double_aeabi_rp2040.S.obj
                0x10002914                __wrap___aeabi_dcmpeq
 .text.__wrap___aeabi_dcmplt
                0x10002924        0xc CMakeFiles/blink_qp.dir/C_/Users/aguat/.pico-sdk/sdk/2.0.0/src/rp2_common/pico_double/double_aeabi_rp2040.S.obj
                0x10002924                __wrap___aeabi_dcmplt
 .text.__wrap___aeabi_dcmple
                0x10002930       0x10 CMakeFiles/blink_qp.dir/C_/Users/aguat/.pico-sdk/sdk/2.0.0/src/rp2_common/pico_double/double_aeabi_rp2040.S.obj
                0x10002930                __wrap___aeabi_dcmple
 .text.__wrap___aeabi_dcmpge
                0x10002940       0x10 CMakeFiles/blink_qp.dir/C_/Users/aguat/.pico-sdk/sdk/2.0.0/src/rp2_common/pico_double/double_aeabi_rp2040.S.obj
                0x10002940                __wrap___aeabi_dcmpge
 .text.__wrap___aeabi_dcmpgt
                0x10002950        0xa CMakeFiles/blink_qp.dir/C_/Users/aguat/.pico-sdk/sdk/2.0.0/src/rp2_common/pico_double/double_aeabi_rp2040.S.obj
                0x10002950                __wrap___aeabi_dcmpgt
 .text.__wrap___aeabi_dcmpun
                0x1000295a       0x18 CMakeFiles/blink_qp.dir/C_/Users/aguat/.pico-sdk/sdk/2.0.0/src/rp2_common/pico_double/double_aeabi_rp2040.S.obj
                0x1000295a                __wrap___aeabi_dcmpun
 *fill*         0x10002972        0x2 
 .text.__wrap___aeabi_i2d
                0x10002974       0x38 CMakeFiles/blink_qp.dir/C_/Users/aguat/.pico-sdk/sdk/2.0.0/src/rp2_common/pico_double/double_aeabi_rp2040.S.obj
                0x10002974                __wrap___aeabi_ui2d
                0x1000297c                __wrap___aeabi_i2d
 .text.__wrap___aeabi_d2iz
                0x100029ac       0x48 CMakeFiles/blink_qp.dir/C_/Users/aguat/.pico-sdk/sdk/2.0.0/src/rp2_common/pico_double/double_aeabi_rp2040.S.obj
                0x100029ac                double2int_z
                0x100029ac                __wrap___aeabi_d2iz
 .text.__wrap___aeabi_d2uiz
                0x100029f4       0x18 CMakeFiles/blink_qp.dir/C_/Users/aguat/.pico-sdk/sdk/2.0.0/src/rp2_common/pico_double/double_aeabi_rp2040.S.obj
                0x100029f4                __wrap___aeabi_d2uiz
                0x100029f4                double2uint
 .text.__aeabi_double_init
                0x10002a0c       0xa4 CMakeFiles/blink_qp.dir/C_/Users/aguat/.pico-sdk/sdk/2.0.0/src/rp2_common/pico_double/double_init_rom_rp2040.c.obj
                0x10002a0c                __aeabi_double_init
 .text.double_table_shim_on_use_helper
                0x10002ab0       0x2c CMakeFiles/blink_qp.dir/C_/Users/aguat/.pico-sdk/sdk/2.0.0/src/rp2_common/pico_double/double_v1_rom_shim_rp2040.S.obj
                0x10002ab0                double_table_shim_on_use_helper
 .text.__wrap___aeabi_dsub
                0x10002adc       0x10 CMakeFiles/blink_qp.dir/C_/Users/aguat/.pico-sdk/sdk/2.0.0/src/rp2_common/pico_double/double_v1_rom_shim_rp2040.S.obj
                0x10002adc                drsub_shim
                0x10002ae2                dsub_shim
 .text.dadd_shim
                0x10002aec      0x15c CMakeFiles/blink_qp.dir/C_/Users/aguat/.pico-sdk/sdk/2.0.0/src/rp2_common/pico_double/double_v1_rom_shim_rp2040.S.obj
                0x10002aec                dadd_shim
 .text.dmul_shim
                0x10002c48      0x15c CMakeFiles/blink_qp.dir/C_/Users/aguat/.pico-sdk/sdk/2.0.0/src/rp2_common/pico_double/double_v1_rom_shim_rp2040.S.obj
                0x10002c48                dmul_shim
 .text.ddiv_shim
                0x10002da4      0x1b0 CMakeFiles/blink_qp.dir/C_/Users/aguat/.pico-sdk/sdk/2.0.0/src/rp2_common/pico_double/double_v1_rom_shim_rp2040.S.obj
                0x10002da4                ddiv_shim
 .text.double2uint_shim
                0x10002f54        0xe CMakeFiles/blink_qp.dir/C_/Users/aguat/.pico-sdk/sdk/2.0.0/src/rp2_common/pico_double/double_v1_rom_shim_rp2040.S.obj
                0x10002f54                double2uint_shim
                0x10002f56                double2ufix_shim
 *fill*         0x10002f62        0x2 
 .text.double2uint64_shim
                0x10002f64       0x70 CMakeFiles/blink_qp.dir/C_/Users/aguat/.pico-sdk/sdk/2.0.0/src/rp2_common/pico_double/double_v1_rom_shim_rp2040.S.obj
                0x10002f64                double2uint64_shim
                0x10002f66                double2ufix64_shim
                0x10002f86                d2fix_a
 .text.dunpacks
                0x10002fd4       0x3c CMakeFiles/blink_qp.dir/C_/Users/aguat/.pico-sdk/sdk/2.0.0/src/rp2_common/pico_double/double_v1_rom_shim_rp2040.S.obj
                0x10002fd4                dunpacks
 .text.__aeabi_lmul
                0x10003010       0x32 CMakeFiles/blink_qp.dir/C_/Users/aguat/.pico-sdk/sdk/2.0.0/src/rp2_common/pico_int64_ops/pico_int64_ops_aeabi.S.obj
                0x10003010                __wrap___aeabi_lmul
 *fill*         0x10003042        0x2 
 .text.__aeabi_float_init
                0x10003044       0x64 CMakeFiles/blink_qp.dir/C_/Users/aguat/.pico-sdk/sdk/2.0.0/src/rp2_common/pico_float/float_init_rom_rp2040.c.obj
                0x10003044                __aeabi_float_init
 .text.float_table_shim_on_use_helper
                0x100030a8       0x2c CMakeFiles/blink_qp.dir/C_/Users/aguat/.pico-sdk/sdk/2.0.0/src/rp2_common/pico_float/float_v1_rom_shim_rp2040.S.obj
                0x100030a8                float_table_shim_on_use_helper
 .text          0x100030d4       0x10 CMakeFiles/blink_qp.dir/C_/Users/aguat/.pico-sdk/sdk/2.0.0/src/rp2_common/pico_mem_ops/mem_ops_aeabi.S.obj
                0x100030d4                __aeabi_mem_init
 .text.memset   0x100030e4        0xc CMakeFiles/blink_qp.dir/C_/Users/aguat/.pico-sdk/sdk/2.0.0/src/rp2_common/pico_mem_ops/mem_ops_aeabi.S.obj
                0x100030e4                __wrap_memset
 .text.memcpy   0x100030f0        0xc CMakeFiles/blink_qp.dir/C_/Users/aguat/.pico-sdk/sdk/2.0.0/src/rp2_common/pico_mem_ops/mem_ops_aeabi.S.obj
                0x100030f0                __wrap_memcpy
                0x100030f0                __wrap___aeabi_memcpy
 .text._out_null
                0x100030fc        0x4 CMakeFiles/blink_qp.dir/C_/Users/aguat/.pico-sdk/sdk/2.0.0/src/rp2_common/pico_printf/printf.c.obj
 .text._out_rev
                0x10003100       0xac CMakeFiles/blink_qp.dir/C_/Users/aguat/.pico-sdk/sdk/2.0.0/src/rp2_common/pico_printf/printf.c.obj
 .text._ntoa_format
                0x100031ac      0x250 CMakeFiles/blink_qp.dir/C_/Users/aguat/.pico-sdk/sdk/2.0.0/src/rp2_common/pico_printf/printf.c.obj
 .text._out_char
                0x100033fc       0x10 CMakeFiles/blink_qp.dir/C_/Users/aguat/.pico-sdk/sdk/2.0.0/src/rp2_common/pico_printf/printf.c.obj
 .text._out_fct
                0x1000340c       0x10 CMakeFiles/blink_qp.dir/C_/Users/aguat/.pico-sdk/sdk/2.0.0/src/rp2_common/pico_printf/printf.c.obj
 .text._etoa    0x1000341c      0x464 CMakeFiles/blink_qp.dir/C_/Users/aguat/.pico-sdk/sdk/2.0.0/src/rp2_common/pico_printf/printf.c.obj
 .text._ftoa    0x10003880      0x3c0 CMakeFiles/blink_qp.dir/C_/Users/aguat/.pico-sdk/sdk/2.0.0/src/rp2_common/pico_printf/printf.c.obj
 .text._vsnprintf
                0x10003c40      0xbc8 CMakeFiles/blink_qp.dir/C_/Users/aguat/.pico-sdk/sdk/2.0.0/src/rp2_common/pico_printf/printf.c.obj
 .text.vfctprintf
                0x10004808       0x20 CMakeFiles/blink_qp.dir/C_/Users/aguat/.pico-sdk/sdk/2.0.0/src/rp2_common/pico_printf/printf.c.obj
                0x10004808                vfctprintf
 .text.weak_raw_printf
                0x10004828       0x40 CMakeFiles/blink_qp.dir/C_/Users/aguat/.pico-sdk/sdk/2.0.0/src/rp2_common/pico_printf/printf.c.obj
                0x10004828                weak_raw_printf
 .text.weak_raw_vprintf
                0x10004868       0x30 CMakeFiles/blink_qp.dir/C_/Users/aguat/.pico-sdk/sdk/2.0.0/src/rp2_common/pico_printf/printf.c.obj
                0x10004868                weak_raw_vprintf
 .text._exit    0x10004898        0x4 CMakeFiles/blink_qp.dir/C_/Users/aguat/.pico-sdk/sdk/2.0.0/src/rp2_common/pico_clib_interface/newlib_interface.c.obj
                0x10004898                _exit
 .text._sbrk    0x1000489c       0x34 CMakeFiles/blink_qp.dir/C_/Users/aguat/.pico-sdk/sdk/2.0.0/src/rp2_common/pico_clib_interface/newlib_interface.c.obj
                0x1000489c                _sbrk
 .text._read    0x100048d0       0x24 CMakeFiles/blink_qp.dir/C_/Users/aguat/.pico-sdk/sdk/2.0.0/src/rp2_common/pico_clib_interface/newlib_interface.c.obj
                0x100048d0                _read
 .text._write   0x100048f4       0x24 CMakeFiles/blink_qp.dir/C_/Users/aguat/.pico-sdk/sdk/2.0.0/src/rp2_common/pico_clib_interface/newlib_interface.c.obj
                0x100048f4                _write
 .text._close   0x10004918        0x8 CMakeFiles/blink_qp.dir/C_/Users/aguat/.pico-sdk/sdk/2.0.0/src/rp2_common/pico_clib_interface/newlib_interface.c.obj
                0x10004918                _close
 .text._lseek   0x10004920        0x8 CMakeFiles/blink_qp.dir/C_/Users/aguat/.pico-sdk/sdk/2.0.0/src/rp2_common/pico_clib_interface/newlib_interface.c.obj
                0x10004920                _lseek
 .text._fstat   0x10004928        0x8 CMakeFiles/blink_qp.dir/C_/Users/aguat/.pico-sdk/sdk/2.0.0/src/rp2_common/pico_clib_interface/newlib_interface.c.obj
                0x10004928                _fstat
 .text._isatty  0x10004930        0xc CMakeFiles/blink_qp.dir/C_/Users/aguat/.pico-sdk/sdk/2.0.0/src/rp2_common/pico_clib_interface/newlib_interface.c.obj
                0x10004930                _isatty
 .text.exit     0x1000493c        0x8 CMakeFiles/blink_qp.dir/C_/Users/aguat/.pico-sdk/sdk/2.0.0/src/rp2_common/pico_clib_interface/newlib_interface.c.obj
                0x1000493c                exit
 .text.__assert_func
                0x10004944       0x38 CMakeFiles/blink_qp.dir/C_/Users/aguat/.pico-sdk/sdk/2.0.0/src/rp2_common/pico_clib_interface/newlib_interface.c.obj
                0x10004944                __assert_func
 .text.runtime_init
                0x1000497c       0x2c CMakeFiles/blink_qp.dir/C_/Users/aguat/.pico-sdk/sdk/2.0.0/src/rp2_common/pico_clib_interface/newlib_interface.c.obj
                0x1000497c                runtime_init
 .text.stdio_out_chars_no_crlf
                0x100049a8       0x10 CMakeFiles/blink_qp.dir/C_/Users/aguat/.pico-sdk/sdk/2.0.0/src/rp2_common/pico_stdio/stdio.c.obj
 .text.stdio_out_chars_crlf
                0x100049b8       0x94 CMakeFiles/blink_qp.dir/C_/Users/aguat/.pico-sdk/sdk/2.0.0/src/rp2_common/pico_stdio/stdio.c.obj
 .text.stdio_buffered_printer
                0x10004a4c       0x64 CMakeFiles/blink_qp.dir/C_/Users/aguat/.pico-sdk/sdk/2.0.0/src/rp2_common/pico_stdio/stdio.c.obj
 .text.stdio_put_string
                0x10004ab0      0x100 CMakeFiles/blink_qp.dir/C_/Users/aguat/.pico-sdk/sdk/2.0.0/src/rp2_common/pico_stdio/stdio.c.obj
                0x10004ab0                stdio_put_string
 .text.stdio_get_until
                0x10004bb0       0x84 CMakeFiles/blink_qp.dir/C_/Users/aguat/.pico-sdk/sdk/2.0.0/src/rp2_common/pico_stdio/stdio.c.obj
                0x10004bb0                stdio_get_until
 .text.stdio_set_driver_enabled
                0x10004c34       0x30 CMakeFiles/blink_qp.dir/C_/Users/aguat/.pico-sdk/sdk/2.0.0/src/rp2_common/pico_stdio/stdio.c.obj
                0x10004c34                stdio_set_driver_enabled
 .text.stdio_init_all
                0x10004c64        0x8 CMakeFiles/blink_qp.dir/C_/Users/aguat/.pico-sdk/sdk/2.0.0/src/rp2_common/pico_stdio/stdio.c.obj
                0x10004c64                stdio_init_all
 .text.__wrap_putchar
                0x10004c6c       0x98 CMakeFiles/blink_qp.dir/C_/Users/aguat/.pico-sdk/sdk/2.0.0/src/rp2_common/pico_stdio/stdio.c.obj
                0x10004c6c                __wrap_putchar
                0x10004c6c                stdio_putchar
 .text.__wrap_puts
                0x10004d04       0x3c CMakeFiles/blink_qp.dir/C_/Users/aguat/.pico-sdk/sdk/2.0.0/src/rp2_common/pico_stdio/stdio.c.obj
                0x10004d04                stdio_puts
                0x10004d04                __wrap_puts
 .text.__wrap_vprintf
                0x10004d40       0xd4 CMakeFiles/blink_qp.dir/C_/Users/aguat/.pico-sdk/sdk/2.0.0/src/rp2_common/pico_stdio/stdio.c.obj
                0x10004d40                stdio_vprintf
                0x10004d40                __wrap_vprintf
 .text.__wrap_printf
                0x10004e14       0x18 CMakeFiles/blink_qp.dir/C_/Users/aguat/.pico-sdk/sdk/2.0.0/src/rp2_common/pico_stdio/stdio.c.obj
                0x10004e14                __wrap_printf
                0x10004e14                stdio_printf
 .text.resetd_init
                0x10004e2c        0x4 CMakeFiles/blink_qp.dir/C_/Users/aguat/.pico-sdk/sdk/2.0.0/src/rp2_common/pico_stdio_usb/reset_interface.c.obj
 .text.resetd_reset
                0x10004e30        0xc CMakeFiles/blink_qp.dir/C_/Users/aguat/.pico-sdk/sdk/2.0.0/src/rp2_common/pico_stdio_usb/reset_interface.c.obj
 .text.resetd_open
                0x10004e3c       0x28 CMakeFiles/blink_qp.dir/C_/Users/aguat/.pico-sdk/sdk/2.0.0/src/rp2_common/pico_stdio_usb/reset_interface.c.obj
 .text.resetd_xfer_cb
                0x10004e64        0x4 CMakeFiles/blink_qp.dir/C_/Users/aguat/.pico-sdk/sdk/2.0.0/src/rp2_common/pico_stdio_usb/reset_interface.c.obj
 .text.resetd_control_xfer_cb
                0x10004e68       0x54 CMakeFiles/blink_qp.dir/C_/Users/aguat/.pico-sdk/sdk/2.0.0/src/rp2_common/pico_stdio_usb/reset_interface.c.obj
 .text.tud_descriptor_bos_cb
                0x10004ebc        0x8 CMakeFiles/blink_qp.dir/C_/Users/aguat/.pico-sdk/sdk/2.0.0/src/rp2_common/pico_stdio_usb/reset_interface.c.obj
                0x10004ebc                tud_descriptor_bos_cb
 .text.tud_vendor_control_xfer_cb
                0x10004ec4       0x34 CMakeFiles/blink_qp.dir/C_/Users/aguat/.pico-sdk/sdk/2.0.0/src/rp2_common/pico_stdio_usb/reset_interface.c.obj
                0x10004ec4                tud_vendor_control_xfer_cb
 .text.usbd_app_driver_get_cb
                0x10004ef8        0xc CMakeFiles/blink_qp.dir/C_/Users/aguat/.pico-sdk/sdk/2.0.0/src/rp2_common/pico_stdio_usb/reset_interface.c.obj
                0x10004ef8                usbd_app_driver_get_cb
 .text.tud_cdc_line_coding_cb
                0x10004f04       0x28 CMakeFiles/blink_qp.dir/C_/Users/aguat/.pico-sdk/sdk/2.0.0/src/rp2_common/pico_stdio_usb/reset_interface.c.obj
                0x10004f04                tud_cdc_line_coding_cb
 .text.stdio_usb_set_chars_available_callback
                0x10004f2c       0x14 CMakeFiles/blink_qp.dir/C_/Users/aguat/.pico-sdk/sdk/2.0.0/src/rp2_common/pico_stdio_usb/stdio_usb.c.obj
                0x10004f2c                stdio_usb_set_chars_available_callback
 .text.usb_irq  0x10004f40       0x10 CMakeFiles/blink_qp.dir/C_/Users/aguat/.pico-sdk/sdk/2.0.0/src/rp2_common/pico_stdio_usb/stdio_usb.c.obj
 .text.timer_task
                0x10004f50       0x64 CMakeFiles/blink_qp.dir/C_/Users/aguat/.pico-sdk/sdk/2.0.0/src/rp2_common/pico_stdio_usb/stdio_usb.c.obj
 .text.stdio_usb_in_chars
                0x10004fb4       0x90 CMakeFiles/blink_qp.dir/C_/Users/aguat/.pico-sdk/sdk/2.0.0/src/rp2_common/pico_stdio_usb/stdio_usb.c.obj
                0x10004fb4                stdio_usb_in_chars
 .text.stdio_usb_out_flush
                0x10005044       0x50 CMakeFiles/blink_qp.dir/C_/Users/aguat/.pico-sdk/sdk/2.0.0/src/rp2_common/pico_stdio_usb/stdio_usb.c.obj
 .text.stdio_usb_out_chars
                0x10005094      0x104 CMakeFiles/blink_qp.dir/C_/Users/aguat/.pico-sdk/sdk/2.0.0/src/rp2_common/pico_stdio_usb/stdio_usb.c.obj
 .text.low_priority_worker_irq
                0x10005198       0xcc CMakeFiles/blink_qp.dir/C_/Users/aguat/.pico-sdk/sdk/2.0.0/src/rp2_common/pico_stdio_usb/stdio_usb.c.obj
 .text.stdio_usb_init
                0x10005264       0xe8 CMakeFiles/blink_qp.dir/C_/Users/aguat/.pico-sdk/sdk/2.0.0/src/rp2_common/pico_stdio_usb/stdio_usb.c.obj
                0x10005264                stdio_usb_init
 .text.tud_descriptor_device_cb
                0x1000534c        0x8 CMakeFiles/blink_qp.dir/C_/Users/aguat/.pico-sdk/sdk/2.0.0/src/rp2_common/pico_stdio_usb/stdio_usb_descriptors.c.obj
                0x1000534c                tud_descriptor_device_cb
 .text.tud_descriptor_configuration_cb
                0x10005354        0x8 CMakeFiles/blink_qp.dir/C_/Users/aguat/.pico-sdk/sdk/2.0.0/src/rp2_common/pico_stdio_usb/stdio_usb_descriptors.c.obj
                0x10005354                tud_descriptor_configuration_cb
 .text.tud_descriptor_string_cb
                0x1000535c       0x78 CMakeFiles/blink_qp.dir/C_/Users/aguat/.pico-sdk/sdk/2.0.0/src/rp2_common/pico_stdio_usb/stdio_usb_descriptors.c.obj
                0x1000535c                tud_descriptor_string_cb
 .text.startup._retrieve_unique_id_on_boot
                0x100053d4       0x10 CMakeFiles/blink_qp.dir/C_/Users/aguat/.pico-sdk/sdk/2.0.0/src/rp2_common/pico_unique_id/unique_id.c.obj
 .text.pico_get_unique_board_id_string
                0x100053e4      0x1a8 CMakeFiles/blink_qp.dir/C_/Users/aguat/.pico-sdk/sdk/2.0.0/src/rp2_common/pico_unique_id/unique_id.c.obj
                0x100053e4                pico_get_unique_board_id_string
 .text.flash_get_unique_id
                0x1000558c       0x3c CMakeFiles/blink_qp.dir/C_/Users/aguat/.pico-sdk/sdk/2.0.0/src/rp2_common/hardware_flash/flash.c.obj
                0x1000558c                flash_get_unique_id
 .text.dcd_init
                0x100055c8       0x8c CMakeFiles/blink_qp.dir/C_/Users/aguat/.pico-sdk/sdk/2.0.0/lib/tinyusb/src/portable/raspberrypi/rp2040/dcd_rp2040.c.obj
                0x100055c8                dcd_init
 .text.dcd_int_enable
                0x10005654        0xc CMakeFiles/blink_qp.dir/C_/Users/aguat/.pico-sdk/sdk/2.0.0/lib/tinyusb/src/portable/raspberrypi/rp2040/dcd_rp2040.c.obj
                0x10005654                dcd_int_enable
 .text.dcd_set_address
                0x10005660       0x14 CMakeFiles/blink_qp.dir/C_/Users/aguat/.pico-sdk/sdk/2.0.0/lib/tinyusb/src/portable/raspberrypi/rp2040/dcd_rp2040.c.obj
                0x10005660                dcd_set_address
 .text.dcd_sof_enable
                0x10005674       0x1c CMakeFiles/blink_qp.dir/C_/Users/aguat/.pico-sdk/sdk/2.0.0/lib/tinyusb/src/portable/raspberrypi/rp2040/dcd_rp2040.c.obj
                0x10005674                dcd_sof_enable
 .text.dcd_edpt0_status_complete
                0x10005690       0x1c CMakeFiles/blink_qp.dir/C_/Users/aguat/.pico-sdk/sdk/2.0.0/lib/tinyusb/src/portable/raspberrypi/rp2040/dcd_rp2040.c.obj
                0x10005690                dcd_edpt0_status_complete
 .text.dcd_edpt_open
                0x100056ac      0x108 CMakeFiles/blink_qp.dir/C_/Users/aguat/.pico-sdk/sdk/2.0.0/lib/tinyusb/src/portable/raspberrypi/rp2040/dcd_rp2040.c.obj
                0x100056ac                dcd_edpt_open
 .text.dcd_edpt_close_all
                0x100057b4        0x8 CMakeFiles/blink_qp.dir/C_/Users/aguat/.pico-sdk/sdk/2.0.0/lib/tinyusb/src/portable/raspberrypi/rp2040/dcd_rp2040.c.obj
                0x100057b4                dcd_edpt_close_all
 .text.dcd_edpt_xfer
                0x100057bc       0x24 CMakeFiles/blink_qp.dir/C_/Users/aguat/.pico-sdk/sdk/2.0.0/lib/tinyusb/src/portable/raspberrypi/rp2040/dcd_rp2040.c.obj
                0x100057bc                dcd_edpt_xfer
 .text.dcd_edpt_stall
                0x100057e0       0x34 CMakeFiles/blink_qp.dir/C_/Users/aguat/.pico-sdk/sdk/2.0.0/lib/tinyusb/src/portable/raspberrypi/rp2040/dcd_rp2040.c.obj
                0x100057e0                dcd_edpt_stall
 .text.dcd_edpt_clear_stall
                0x10005814       0x30 CMakeFiles/blink_qp.dir/C_/Users/aguat/.pico-sdk/sdk/2.0.0/lib/tinyusb/src/portable/raspberrypi/rp2040/dcd_rp2040.c.obj
                0x10005814                dcd_edpt_clear_stall
 .text.rp2040_usb_init
                0x10005844       0x40 CMakeFiles/blink_qp.dir/C_/Users/aguat/.pico-sdk/sdk/2.0.0/lib/tinyusb/src/portable/raspberrypi/rp2040/rp2040_usb.c.obj
                0x10005844                rp2040_usb_init
 .text.hw_endpoint_xfer_start
                0x10005884       0x40 CMakeFiles/blink_qp.dir/C_/Users/aguat/.pico-sdk/sdk/2.0.0/lib/tinyusb/src/portable/raspberrypi/rp2040/rp2040_usb.c.obj
                0x10005884                hw_endpoint_xfer_start
 .text.tud_event_hook_cb
                0x100058c4        0x4 CMakeFiles/blink_qp.dir/C_/Users/aguat/.pico-sdk/sdk/2.0.0/lib/tinyusb/src/device/usbd.c.obj
                0x100058c4                tud_event_hook_cb
 .text.tud_sof_cb
                0x100058c8        0x4 CMakeFiles/blink_qp.dir/C_/Users/aguat/.pico-sdk/sdk/2.0.0/lib/tinyusb/src/device/usbd.c.obj
                0x100058c8                tud_sof_cb
 .text.tud_descriptor_device_qualifier_cb
                0x100058cc        0x4 CMakeFiles/blink_qp.dir/C_/Users/aguat/.pico-sdk/sdk/2.0.0/lib/tinyusb/src/device/usbd.c.obj
                0x100058cc                tud_descriptor_device_qualifier_cb
 .text.tud_descriptor_other_speed_configuration_cb
                0x100058d0        0x4 CMakeFiles/blink_qp.dir/C_/Users/aguat/.pico-sdk/sdk/2.0.0/lib/tinyusb/src/device/usbd.c.obj
                0x100058d0                tud_descriptor_other_speed_configuration_cb
 .text.tud_mount_cb
                0x100058d4        0x4 CMakeFiles/blink_qp.dir/C_/Users/aguat/.pico-sdk/sdk/2.0.0/lib/tinyusb/src/device/usbd.c.obj
                0x100058d4                tud_mount_cb
 .text.tud_umount_cb
                0x100058d8        0x4 CMakeFiles/blink_qp.dir/C_/Users/aguat/.pico-sdk/sdk/2.0.0/lib/tinyusb/src/device/usbd.c.obj
                0x100058d8                tud_umount_cb
 .text.tud_suspend_cb
                0x100058dc        0x4 CMakeFiles/blink_qp.dir/C_/Users/aguat/.pico-sdk/sdk/2.0.0/lib/tinyusb/src/device/usbd.c.obj
                0x100058dc                tud_suspend_cb
 .text.tud_resume_cb
                0x100058e0        0x4 CMakeFiles/blink_qp.dir/C_/Users/aguat/.pico-sdk/sdk/2.0.0/lib/tinyusb/src/device/usbd.c.obj
                0x100058e0                tud_resume_cb
 .text.tud_mounted
                0x100058e4       0x10 CMakeFiles/blink_qp.dir/C_/Users/aguat/.pico-sdk/sdk/2.0.0/lib/tinyusb/src/device/usbd.c.obj
                0x100058e4                tud_mounted
 .text.tud_suspended
                0x100058f4       0x10 CMakeFiles/blink_qp.dir/C_/Users/aguat/.pico-sdk/sdk/2.0.0/lib/tinyusb/src/device/usbd.c.obj
                0x100058f4                tud_suspended
 .text.tud_init
                0x10005904       0xe4 CMakeFiles/blink_qp.dir/C_/Users/aguat/.pico-sdk/sdk/2.0.0/lib/tinyusb/src/device/usbd.c.obj
                0x10005904                tud_init
 .text.tud_task_ext
                0x100059e8      0x800 CMakeFiles/blink_qp.dir/C_/Users/aguat/.pico-sdk/sdk/2.0.0/lib/tinyusb/src/device/usbd.c.obj
                0x100059e8                tud_task_ext
 .text.usbd_open_edpt_pair
                0x100061e8       0x9c CMakeFiles/blink_qp.dir/C_/Users/aguat/.pico-sdk/sdk/2.0.0/lib/tinyusb/src/device/usbd.c.obj
                0x100061e8                usbd_open_edpt_pair
 .text.usbd_edpt_open
                0x10006284       0x34 CMakeFiles/blink_qp.dir/C_/Users/aguat/.pico-sdk/sdk/2.0.0/lib/tinyusb/src/device/usbd.c.obj
                0x10006284                usbd_edpt_open
 .text.usbd_edpt_claim
                0x100062b8       0x28 CMakeFiles/blink_qp.dir/C_/Users/aguat/.pico-sdk/sdk/2.0.0/lib/tinyusb/src/device/usbd.c.obj
                0x100062b8                usbd_edpt_claim
 .text.usbd_edpt_release
                0x100062e0       0x28 CMakeFiles/blink_qp.dir/C_/Users/aguat/.pico-sdk/sdk/2.0.0/lib/tinyusb/src/device/usbd.c.obj
                0x100062e0                usbd_edpt_release
 .text.usbd_edpt_xfer
                0x10006308       0x4c CMakeFiles/blink_qp.dir/C_/Users/aguat/.pico-sdk/sdk/2.0.0/lib/tinyusb/src/device/usbd.c.obj
                0x10006308                usbd_edpt_xfer
 .text.tud_control_status
                0x10006354       0x2c CMakeFiles/blink_qp.dir/C_/Users/aguat/.pico-sdk/sdk/2.0.0/lib/tinyusb/src/device/usbd_control.c.obj
                0x10006354                tud_control_status
 .text.tud_control_xfer
                0x10006380       0xac CMakeFiles/blink_qp.dir/C_/Users/aguat/.pico-sdk/sdk/2.0.0/lib/tinyusb/src/device/usbd_control.c.obj
                0x10006380                tud_control_xfer
 .text.usbd_control_reset
                0x1000642c       0x14 CMakeFiles/blink_qp.dir/C_/Users/aguat/.pico-sdk/sdk/2.0.0/lib/tinyusb/src/device/usbd_control.c.obj
                0x1000642c                usbd_control_reset
 .text.usbd_control_set_complete_callback
                0x10006440        0xc CMakeFiles/blink_qp.dir/C_/Users/aguat/.pico-sdk/sdk/2.0.0/lib/tinyusb/src/device/usbd_control.c.obj
                0x10006440                usbd_control_set_complete_callback
 .text.usbd_control_set_request
                0x1000644c       0x1c CMakeFiles/blink_qp.dir/C_/Users/aguat/.pico-sdk/sdk/2.0.0/lib/tinyusb/src/device/usbd_control.c.obj
                0x1000644c                usbd_control_set_request
 .text.usbd_control_xfer_cb
                0x10006468       0xec CMakeFiles/blink_qp.dir/C_/Users/aguat/.pico-sdk/sdk/2.0.0/lib/tinyusb/src/device/usbd_control.c.obj
                0x10006468                usbd_control_xfer_cb
 .text._prep_out_transaction.isra.0
                0x10006554       0x5c CMakeFiles/blink_qp.dir/C_/Users/aguat/.pico-sdk/sdk/2.0.0/lib/tinyusb/src/class/cdc/cdc_device.c.obj
 .text.tud_cdc_n_connected
                0x100065b0       0x30 CMakeFiles/blink_qp.dir/C_/Users/aguat/.pico-sdk/sdk/2.0.0/lib/tinyusb/src/class/cdc/cdc_device.c.obj
                0x100065b0                tud_cdc_n_connected
 .text.tud_cdc_n_available
                0x100065e0       0x18 CMakeFiles/blink_qp.dir/C_/Users/aguat/.pico-sdk/sdk/2.0.0/lib/tinyusb/src/class/cdc/cdc_device.c.obj
                0x100065e0                tud_cdc_n_available
 .text.tud_cdc_n_read
                0x100065f8       0x98 CMakeFiles/blink_qp.dir/C_/Users/aguat/.pico-sdk/sdk/2.0.0/lib/tinyusb/src/class/cdc/cdc_device.c.obj
                0x100065f8                tud_cdc_n_read
 .text.tud_cdc_n_write_flush
                0x10006690       0x78 CMakeFiles/blink_qp.dir/C_/Users/aguat/.pico-sdk/sdk/2.0.0/lib/tinyusb/src/class/cdc/cdc_device.c.obj
                0x10006690                tud_cdc_n_write_flush
 .text.tud_cdc_n_write
                0x10006708       0x40 CMakeFiles/blink_qp.dir/C_/Users/aguat/.pico-sdk/sdk/2.0.0/lib/tinyusb/src/class/cdc/cdc_device.c.obj
                0x10006708                tud_cdc_n_write
 .text.tud_cdc_n_write_available
                0x10006748       0x18 CMakeFiles/blink_qp.dir/C_/Users/aguat/.pico-sdk/sdk/2.0.0/lib/tinyusb/src/class/cdc/cdc_device.c.obj
                0x10006748                tud_cdc_n_write_available
 .text.cdcd_init
                0x10006760       0x7c CMakeFiles/blink_qp.dir/C_/Users/aguat/.pico-sdk/sdk/2.0.0/lib/tinyusb/src/class/cdc/cdc_device.c.obj
                0x10006760                cdcd_init
 .text.cdcd_deinit
                0x100067dc       0x34 CMakeFiles/blink_qp.dir/C_/Users/aguat/.pico-sdk/sdk/2.0.0/lib/tinyusb/src/class/cdc/cdc_device.c.obj
                0x100067dc                cdcd_deinit
 .text.cdcd_reset
                0x10006810       0x4c CMakeFiles/blink_qp.dir/C_/Users/aguat/.pico-sdk/sdk/2.0.0/lib/tinyusb/src/class/cdc/cdc_device.c.obj
                0x10006810                cdcd_reset
 .text.cdcd_open
                0x1000685c       0xb0 CMakeFiles/blink_qp.dir/C_/Users/aguat/.pico-sdk/sdk/2.0.0/lib/tinyusb/src/class/cdc/cdc_device.c.obj
                0x1000685c                cdcd_open
 .text.cdcd_control_xfer_cb
                0x1000690c       0xe4 CMakeFiles/blink_qp.dir/C_/Users/aguat/.pico-sdk/sdk/2.0.0/lib/tinyusb/src/class/cdc/cdc_device.c.obj
                0x1000690c                cdcd_control_xfer_cb
 .text.cdcd_xfer_cb
                0x100069f0      0x100 CMakeFiles/blink_qp.dir/C_/Users/aguat/.pico-sdk/sdk/2.0.0/lib/tinyusb/src/class/cdc/cdc_device.c.obj
                0x100069f0                cdcd_xfer_cb
 .text.tud_vendor_n_write_flush
                0x10006af0       0x78 CMakeFiles/blink_qp.dir/C_/Users/aguat/.pico-sdk/sdk/2.0.0/lib/tinyusb/src/class/vendor/vendor_device.c.obj
                0x10006af0                tud_vendor_n_write_flush
 .text.vendord_init
                0x10006b68       0x64 CMakeFiles/blink_qp.dir/C_/Users/aguat/.pico-sdk/sdk/2.0.0/lib/tinyusb/src/class/vendor/vendor_device.c.obj
                0x10006b68                vendord_init
 .text.vendord_deinit
                0x10006bcc       0x34 CMakeFiles/blink_qp.dir/C_/Users/aguat/.pico-sdk/sdk/2.0.0/lib/tinyusb/src/class/vendor/vendor_device.c.obj
                0x10006bcc                vendord_deinit
 .text.vendord_reset
                0x10006c00       0x1c CMakeFiles/blink_qp.dir/C_/Users/aguat/.pico-sdk/sdk/2.0.0/lib/tinyusb/src/class/vendor/vendor_device.c.obj
                0x10006c00                vendord_reset
 .text.vendord_open
                0x10006c1c       0xd8 CMakeFiles/blink_qp.dir/C_/Users/aguat/.pico-sdk/sdk/2.0.0/lib/tinyusb/src/class/vendor/vendor_device.c.obj
                0x10006c1c                vendord_open
 .text.vendord_xfer_cb
                0x10006cf4       0xc8 CMakeFiles/blink_qp.dir/C_/Users/aguat/.pico-sdk/sdk/2.0.0/lib/tinyusb/src/class/vendor/vendor_device.c.obj
                0x10006cf4                vendord_xfer_cb
 .text.tusb_init
                0x10006dbc        0xc CMakeFiles/blink_qp.dir/C_/Users/aguat/.pico-sdk/sdk/2.0.0/lib/tinyusb/src/tusb.c.obj
                0x10006dbc                tusb_init
 .text.tu_edpt_claim
                0x10006dc8       0x50 CMakeFiles/blink_qp.dir/C_/Users/aguat/.pico-sdk/sdk/2.0.0/lib/tinyusb/src/tusb.c.obj
                0x10006dc8                tu_edpt_claim
 .text.tu_edpt_release
                0x10006e18       0x38 CMakeFiles/blink_qp.dir/C_/Users/aguat/.pico-sdk/sdk/2.0.0/lib/tinyusb/src/tusb.c.obj
                0x10006e18                tu_edpt_release
 .text.tu_edpt_validate
                0x10006e50       0x7c CMakeFiles/blink_qp.dir/C_/Users/aguat/.pico-sdk/sdk/2.0.0/lib/tinyusb/src/tusb.c.obj
                0x10006e50                tu_edpt_validate
 .text.tu_edpt_bind_driver
                0x10006ecc       0x34 CMakeFiles/blink_qp.dir/C_/Users/aguat/.pico-sdk/sdk/2.0.0/lib/tinyusb/src/tusb.c.obj
                0x10006ecc                tu_edpt_bind_driver
 .text.tu_fifo_config
                0x10006f00       0x6c CMakeFiles/blink_qp.dir/C_/Users/aguat/.pico-sdk/sdk/2.0.0/lib/tinyusb/src/common/tusb_fifo.c.obj
                0x10006f00                tu_fifo_config
 .text.tu_fifo_count
                0x10006f6c       0x2c CMakeFiles/blink_qp.dir/C_/Users/aguat/.pico-sdk/sdk/2.0.0/lib/tinyusb/src/common/tusb_fifo.c.obj
                0x10006f6c                tu_fifo_count
 .text.tu_fifo_empty
                0x10006f98       0x10 CMakeFiles/blink_qp.dir/C_/Users/aguat/.pico-sdk/sdk/2.0.0/lib/tinyusb/src/common/tusb_fifo.c.obj
                0x10006f98                tu_fifo_empty
 .text.tu_fifo_remaining
                0x10006fa8       0x2c CMakeFiles/blink_qp.dir/C_/Users/aguat/.pico-sdk/sdk/2.0.0/lib/tinyusb/src/common/tusb_fifo.c.obj
                0x10006fa8                tu_fifo_remaining
 .text.tu_fifo_read
                0x10006fd4       0x9c CMakeFiles/blink_qp.dir/C_/Users/aguat/.pico-sdk/sdk/2.0.0/lib/tinyusb/src/common/tusb_fifo.c.obj
                0x10006fd4                tu_fifo_read
 .text.tu_fifo_read_n
                0x10007070       0xe8 CMakeFiles/blink_qp.dir/C_/Users/aguat/.pico-sdk/sdk/2.0.0/lib/tinyusb/src/common/tusb_fifo.c.obj
                0x10007070                tu_fifo_read_n
 .text.tu_fifo_write
                0x10007158       0xa8 CMakeFiles/blink_qp.dir/C_/Users/aguat/.pico-sdk/sdk/2.0.0/lib/tinyusb/src/common/tusb_fifo.c.obj
                0x10007158                tu_fifo_write
 .text.tu_fifo_write_n
                0x10007200      0x178 CMakeFiles/blink_qp.dir/C_/Users/aguat/.pico-sdk/sdk/2.0.0/lib/tinyusb/src/common/tusb_fifo.c.obj
                0x10007200                tu_fifo_write_n
 .text.tu_fifo_clear
                0x10007378       0x40 CMakeFiles/blink_qp.dir/C_/Users/aguat/.pico-sdk/sdk/2.0.0/lib/tinyusb/src/common/tusb_fifo.c.obj
                0x10007378                tu_fifo_clear
 .text.tu_fifo_set_overwritable
                0x100073b8       0x48 CMakeFiles/blink_qp.dir/C_/Users/aguat/.pico-sdk/sdk/2.0.0/lib/tinyusb/src/common/tusb_fifo.c.obj
                0x100073b8                tu_fifo_set_overwritable
 .text._calloc_r
                0x10007400       0xa8 C:/Users/aguat/.pico-sdk/toolchain/13_2_Rel1/bin/../lib/gcc/arm-none-eabi/13.2.1/thumb/v6-m/nofp\libg.a(libc_a-callocr.o)
                0x10007400                _calloc_r
 .text._malloc_r
                0x100074a8      0x5c4 C:/Users/aguat/.pico-sdk/toolchain/13_2_Rel1/bin/../lib/gcc/arm-none-eabi/13.2.1/thumb/v6-m/nofp\libg.a(libc_a-mallocr.o)
                0x100074a8                _malloc_r
 .text.__malloc_lock
                0x10007a6c       0x10 C:/Users/aguat/.pico-sdk/toolchain/13_2_Rel1/bin/../lib/gcc/arm-none-eabi/13.2.1/thumb/v6-m/nofp\libg.a(libc_a-mlock.o)
                0x10007a6c                __malloc_lock
 .text.__malloc_unlock
                0x10007a7c       0x10 C:/Users/aguat/.pico-sdk/toolchain/13_2_Rel1/bin/../lib/gcc/arm-none-eabi/13.2.1/thumb/v6-m/nofp\libg.a(libc_a-mlock.o)
                0x10007a7c                __malloc_unlock
 .text._realloc_r
                0x10007a8c      0x350 C:/Users/aguat/.pico-sdk/toolchain/13_2_Rel1/bin/../lib/gcc/arm-none-eabi/13.2.1/thumb/v6-m/nofp\libg.a(libc_a-reallocr.o)
                0x10007a8c                _realloc_r
 .text.fprintf  0x10007ddc       0x24 C:/Users/aguat/.pico-sdk/toolchain/13_2_Rel1/bin/../lib/gcc/arm-none-eabi/13.2.1/thumb/v6-m/nofp\libg.a(libc_a-fprintf.o)
                0x10007ddc                fprintf
 .text.memmove  0x10007e00       0xb0 C:/Users/aguat/.pico-sdk/toolchain/13_2_Rel1/bin/../lib/gcc/arm-none-eabi/13.2.1/thumb/v6-m/nofp\libg.a(libc_a-memmove.o)
                0x10007e00                memmove
 .text._sbrk_r  0x10007eb0       0x24 C:/Users/aguat/.pico-sdk/toolchain/13_2_Rel1/bin/../lib/gcc/arm-none-eabi/13.2.1/thumb/v6-m/nofp\libg.a(libc_a-sbrkr.o)
                0x10007eb0                _sbrk_r
 .text.__errno  0x10007ed4        0xc C:/Users/aguat/.pico-sdk/toolchain/13_2_Rel1/bin/../lib/gcc/arm-none-eabi/13.2.1/thumb/v6-m/nofp\libg.a(libc_a-errno.o)
                0x10007ed4                __errno
 .text.__retarget_lock_init_recursive
                0x10007ee0        0x4 C:/Users/aguat/.pico-sdk/toolchain/13_2_Rel1/bin/../lib/gcc/arm-none-eabi/13.2.1/thumb/v6-m/nofp\libg.a(libc_a-lock.o)
                0x10007ee0                __retarget_lock_init_recursive
 .text.__retarget_lock_close_recursive
                0x10007ee4        0x4 C:/Users/aguat/.pico-sdk/toolchain/13_2_Rel1/bin/../lib/gcc/arm-none-eabi/13.2.1/thumb/v6-m/nofp\libg.a(libc_a-lock.o)
                0x10007ee4                __retarget_lock_close_recursive
 .text.__retarget_lock_acquire_recursive
                0x10007ee8        0x4 C:/Users/aguat/.pico-sdk/toolchain/13_2_Rel1/bin/../lib/gcc/arm-none-eabi/13.2.1/thumb/v6-m/nofp\libg.a(libc_a-lock.o)
                0x10007ee8                __retarget_lock_acquire_recursive
 .text.__retarget_lock_release_recursive
                0x10007eec        0x4 C:/Users/aguat/.pico-sdk/toolchain/13_2_Rel1/bin/../lib/gcc/arm-none-eabi/13.2.1/thumb/v6-m/nofp\libg.a(libc_a-lock.o)
                0x10007eec                __retarget_lock_release_recursive
 .text.sysconf  0x10007ef0       0x1c C:/Users/aguat/.pico-sdk/toolchain/13_2_Rel1/bin/../lib/gcc/arm-none-eabi/13.2.1/thumb/v6-m/nofp\libg.a(libc_a-sysconf.o)
                0x10007ef0                sysconf
 .text.strlen   0x10007f0c       0x5c C:/Users/aguat/.pico-sdk/toolchain/13_2_Rel1/bin/../lib/gcc/arm-none-eabi/13.2.1/thumb/v6-m/nofp\libg.a(libc_a-strlen-stub.o)
                0x10007f0c                strlen
 .text._malloc_trim_r
                0x10007f68       0xb4 C:/Users/aguat/.pico-sdk/toolchain/13_2_Rel1/bin/../lib/gcc/arm-none-eabi/13.2.1/thumb/v6-m/nofp\libg.a(libc_a-freer.o)
                0x10007f68                _malloc_trim_r
 .text._free_r  0x1000801c      0x1d4 C:/Users/aguat/.pico-sdk/toolchain/13_2_Rel1/bin/../lib/gcc/arm-none-eabi/13.2.1/thumb/v6-m/nofp\libg.a(libc_a-freer.o)
                0x1000801c                _free_r
 .text._vfprintf_r
                0x100081f0     0x1d50 C:/Users/aguat/.pico-sdk/toolchain/13_2_Rel1/bin/../lib/gcc/arm-none-eabi/13.2.1/thumb/v6-m/nofp\libg.a(libc_a-vfprintf.o)
                0x100081f0                _vfprintf_r
 .text.__sbprintf
                0x10009f40       0x8c C:/Users/aguat/.pico-sdk/toolchain/13_2_Rel1/bin/../lib/gcc/arm-none-eabi/13.2.1/thumb/v6-m/nofp\libg.a(libc_a-vfprintf.o)
 .text.__sprint_r.part.0
                0x10009fcc       0x88 C:/Users/aguat/.pico-sdk/toolchain/13_2_Rel1/bin/../lib/gcc/arm-none-eabi/13.2.1/thumb/v6-m/nofp\libg.a(libc_a-vfiprintf.o)
 .text.__sprint_r
                0x1000a054       0x14 C:/Users/aguat/.pico-sdk/toolchain/13_2_Rel1/bin/../lib/gcc/arm-none-eabi/13.2.1/thumb/v6-m/nofp\libg.a(libc_a-vfiprintf.o)
                0x1000a054                __sprint_r
 .text.__sflush_r
                0x1000a068      0x148 C:/Users/aguat/.pico-sdk/toolchain/13_2_Rel1/bin/../lib/gcc/arm-none-eabi/13.2.1/thumb/v6-m/nofp\libg.a(libc_a-fflush.o)
                0x1000a068                __sflush_r
 .text._fflush_r
                0x1000a1b0       0x68 C:/Users/aguat/.pico-sdk/toolchain/13_2_Rel1/bin/../lib/gcc/arm-none-eabi/13.2.1/thumb/v6-m/nofp\libg.a(libc_a-fflush.o)
                0x1000a1b0                _fflush_r
 .text.stdio_exit_handler
                0x1000a218       0x1c C:/Users/aguat/.pico-sdk/toolchain/13_2_Rel1/bin/../lib/gcc/arm-none-eabi/13.2.1/thumb/v6-m/nofp\libg.a(libc_a-findfp.o)
 .text.cleanup_stdio
                0x1000a234       0x3c C:/Users/aguat/.pico-sdk/toolchain/13_2_Rel1/bin/../lib/gcc/arm-none-eabi/13.2.1/thumb/v6-m/nofp\libg.a(libc_a-findfp.o)
 .text.global_stdio_init.part.0
                0x1000a270      0x118 C:/Users/aguat/.pico-sdk/toolchain/13_2_Rel1/bin/../lib/gcc/arm-none-eabi/13.2.1/thumb/v6-m/nofp\libg.a(libc_a-findfp.o)
 .text.__sinit  0x1000a388       0x38 C:/Users/aguat/.pico-sdk/toolchain/13_2_Rel1/bin/../lib/gcc/arm-none-eabi/13.2.1/thumb/v6-m/nofp\libg.a(libc_a-findfp.o)
                0x1000a388                __sinit
 .text.__sfp_lock_acquire
                0x1000a3c0       0x10 C:/Users/aguat/.pico-sdk/toolchain/13_2_Rel1/bin/../lib/gcc/arm-none-eabi/13.2.1/thumb/v6-m/nofp\libg.a(libc_a-findfp.o)
                0x1000a3c0                __sfp_lock_acquire
 .text.__sfp_lock_release
                0x1000a3d0       0x10 C:/Users/aguat/.pico-sdk/toolchain/13_2_Rel1/bin/../lib/gcc/arm-none-eabi/13.2.1/thumb/v6-m/nofp\libg.a(libc_a-findfp.o)
                0x1000a3d0                __sfp_lock_release
 .text.__sfvwrite_r
                0x1000a3e0      0x310 C:/Users/aguat/.pico-sdk/toolchain/13_2_Rel1/bin/../lib/gcc/arm-none-eabi/13.2.1/thumb/v6-m/nofp\libg.a(libc_a-fvwrite.o)
                0x1000a3e0                __sfvwrite_r
 .text._fwalk_sglue
                0x1000a6f0       0x44 C:/Users/aguat/.pico-sdk/toolchain/13_2_Rel1/bin/../lib/gcc/arm-none-eabi/13.2.1/thumb/v6-m/nofp\libg.a(libc_a-fwalk.o)
                0x1000a6f0                _fwalk_sglue
 .text.__sread  0x1000a734       0x28 C:/Users/aguat/.pico-sdk/toolchain/13_2_Rel1/bin/../lib/gcc/arm-none-eabi/13.2.1/thumb/v6-m/nofp\libg.a(libc_a-stdio.o)
                0x1000a734                __sread
 .text.__swrite
                0x1000a75c       0x40 C:/Users/aguat/.pico-sdk/toolchain/13_2_Rel1/bin/../lib/gcc/arm-none-eabi/13.2.1/thumb/v6-m/nofp\libg.a(libc_a-stdio.o)
                0x1000a75c                __swrite
 .text.__sseek  0x1000a79c       0x30 C:/Users/aguat/.pico-sdk/toolchain/13_2_Rel1/bin/../lib/gcc/arm-none-eabi/13.2.1/thumb/v6-m/nofp\libg.a(libc_a-stdio.o)
                0x1000a79c                __sseek
 .text.__sclose
                0x1000a7cc        0xc C:/Users/aguat/.pico-sdk/toolchain/13_2_Rel1/bin/../lib/gcc/arm-none-eabi/13.2.1/thumb/v6-m/nofp\libg.a(libc_a-stdio.o)
                0x1000a7cc                __sclose
 .text.__swsetup_r
                0x1000a7d8       0xcc C:/Users/aguat/.pico-sdk/toolchain/13_2_Rel1/bin/../lib/gcc/arm-none-eabi/13.2.1/thumb/v6-m/nofp\libg.a(libc_a-wsetup.o)
                0x1000a7d8                __swsetup_r
 .text.__fputwc
                0x1000a8a4       0x78 C:/Users/aguat/.pico-sdk/toolchain/13_2_Rel1/bin/../lib/gcc/arm-none-eabi/13.2.1/thumb/v6-m/nofp\libg.a(libc_a-fputwc.o)
                0x1000a8a4                __fputwc
 .text._fputwc_r
                0x1000a91c       0x58 C:/Users/aguat/.pico-sdk/toolchain/13_2_Rel1/bin/../lib/gcc/arm-none-eabi/13.2.1/thumb/v6-m/nofp\libg.a(libc_a-fputwc.o)
                0x1000a91c                _fputwc_r
 .text.strncpy  0x1000a974       0x60 C:/Users/aguat/.pico-sdk/toolchain/13_2_Rel1/bin/../lib/gcc/arm-none-eabi/13.2.1/thumb/v6-m/nofp\libg.a(libc_a-strncpy.o)
                0x1000a974                strncpy
 .text.__locale_mb_cur_max
                0x1000a9d4       0x10 C:/Users/aguat/.pico-sdk/toolchain/13_2_Rel1/bin/../lib/gcc/arm-none-eabi/13.2.1/thumb/v6-m/nofp\libg.a(libc_a-locale.o)
                0x1000a9d4                __locale_mb_cur_max
 .text._localeconv_r
                0x1000a9e4        0x8 C:/Users/aguat/.pico-sdk/toolchain/13_2_Rel1/bin/../lib/gcc/arm-none-eabi/13.2.1/thumb/v6-m/nofp\libg.a(libc_a-localeconv.o)
                0x1000a9e4                _localeconv_r
 .text._close_r
                0x1000a9ec       0x24 C:/Users/aguat/.pico-sdk/toolchain/13_2_Rel1/bin/../lib/gcc/arm-none-eabi/13.2.1/thumb/v6-m/nofp\libg.a(libc_a-closer.o)
                0x1000a9ec                _close_r
 .text._lseek_r
                0x1000aa10       0x28 C:/Users/aguat/.pico-sdk/toolchain/13_2_Rel1/bin/../lib/gcc/arm-none-eabi/13.2.1/thumb/v6-m/nofp\libg.a(libc_a-lseekr.o)
                0x1000aa10                _lseek_r
 .text._read_r  0x1000aa38       0x28 C:/Users/aguat/.pico-sdk/toolchain/13_2_Rel1/bin/../lib/gcc/arm-none-eabi/13.2.1/thumb/v6-m/nofp\libg.a(libc_a-readr.o)
                0x1000aa38                _read_r
 .text._write_r
                0x1000aa60       0x28 C:/Users/aguat/.pico-sdk/toolchain/13_2_Rel1/bin/../lib/gcc/arm-none-eabi/13.2.1/thumb/v6-m/nofp\libg.a(libc_a-writer.o)
                0x1000aa60                _write_r
 .text.memchr   0x1000aa88       0x74 C:/Users/aguat/.pico-sdk/toolchain/13_2_Rel1/bin/../lib/gcc/arm-none-eabi/13.2.1/thumb/v6-m/nofp\libg.a(libc_a-memchr-stub.o)
                0x1000aa88                memchr
 .text.frexp    0x1000aafc       0x68 C:/Users/aguat/.pico-sdk/toolchain/13_2_Rel1/bin/../lib/gcc/arm-none-eabi/13.2.1/thumb/v6-m/nofp\libg.a(libm_a-s_frexp.o)
                0x1000aafc                frexp
 .text.quorem   0x1000ab64      0x154 C:/Users/aguat/.pico-sdk/toolchain/13_2_Rel1/bin/../lib/gcc/arm-none-eabi/13.2.1/thumb/v6-m/nofp\libg.a(libc_a-dtoa.o)
 .text._dtoa_r  0x1000acb8      0xfb8 C:/Users/aguat/.pico-sdk/toolchain/13_2_Rel1/bin/../lib/gcc/arm-none-eabi/13.2.1/thumb/v6-m/nofp\libg.a(libc_a-dtoa.o)
                0x1000acb8                _dtoa_r
 .text.__ascii_mbtowc
                0x1000bc70       0x2c C:/Users/aguat/.pico-sdk/toolchain/13_2_Rel1/bin/../lib/gcc/arm-none-eabi/13.2.1/thumb/v6-m/nofp\libg.a(libc_a-mbtowc_r.o)
                0x1000bc70                __ascii_mbtowc
 .text._Balloc  0x1000bc9c       0x50 C:/Users/aguat/.pico-sdk/toolchain/13_2_Rel1/bin/../lib/gcc/arm-none-eabi/13.2.1/thumb/v6-m/nofp\libg.a(libc_a-mprec.o)
                0x1000bc9c                _Balloc
 .text._Bfree   0x1000bcec       0x14 C:/Users/aguat/.pico-sdk/toolchain/13_2_Rel1/bin/../lib/gcc/arm-none-eabi/13.2.1/thumb/v6-m/nofp\libg.a(libc_a-mprec.o)
                0x1000bcec                _Bfree
 .text.__multadd
                0x1000bd00       0xa8 C:/Users/aguat/.pico-sdk/toolchain/13_2_Rel1/bin/../lib/gcc/arm-none-eabi/13.2.1/thumb/v6-m/nofp\libg.a(libc_a-mprec.o)
                0x1000bd00                __multadd
 .text.__hi0bits
                0x1000bda8       0x4c C:/Users/aguat/.pico-sdk/toolchain/13_2_Rel1/bin/../lib/gcc/arm-none-eabi/13.2.1/thumb/v6-m/nofp\libg.a(libc_a-mprec.o)
                0x1000bda8                __hi0bits
 .text.__lo0bits
                0x1000bdf4       0x5c C:/Users/aguat/.pico-sdk/toolchain/13_2_Rel1/bin/../lib/gcc/arm-none-eabi/13.2.1/thumb/v6-m/nofp\libg.a(libc_a-mprec.o)
                0x1000bdf4                __lo0bits
 .text.__i2b    0x1000be50       0x60 C:/Users/aguat/.pico-sdk/toolchain/13_2_Rel1/bin/../lib/gcc/arm-none-eabi/13.2.1/thumb/v6-m/nofp\libg.a(libc_a-mprec.o)
                0x1000be50                __i2b
 .text.__multiply
                0x1000beb0      0x1ac C:/Users/aguat/.pico-sdk/toolchain/13_2_Rel1/bin/../lib/gcc/arm-none-eabi/13.2.1/thumb/v6-m/nofp\libg.a(libc_a-mprec.o)
                0x1000beb0                __multiply
 .text.__pow5mult
                0x1000c05c       0xd0 C:/Users/aguat/.pico-sdk/toolchain/13_2_Rel1/bin/../lib/gcc/arm-none-eabi/13.2.1/thumb/v6-m/nofp\libg.a(libc_a-mprec.o)
                0x1000c05c                __pow5mult
 .text.__lshift
                0x1000c12c       0xfc C:/Users/aguat/.pico-sdk/toolchain/13_2_Rel1/bin/../lib/gcc/arm-none-eabi/13.2.1/thumb/v6-m/nofp\libg.a(libc_a-mprec.o)
                0x1000c12c                __lshift
 .text.__mcmp   0x1000c228       0x3c C:/Users/aguat/.pico-sdk/toolchain/13_2_Rel1/bin/../lib/gcc/arm-none-eabi/13.2.1/thumb/v6-m/nofp\libg.a(libc_a-mprec.o)
                0x1000c228                __mcmp
 .text.__mdiff  0x1000c264      0x1b4 C:/Users/aguat/.pico-sdk/toolchain/13_2_Rel1/bin/../lib/gcc/arm-none-eabi/13.2.1/thumb/v6-m/nofp\libg.a(libc_a-mprec.o)
                0x1000c264                __mdiff
 .text.__d2b    0x1000c418       0xcc C:/Users/aguat/.pico-sdk/toolchain/13_2_Rel1/bin/../lib/gcc/arm-none-eabi/13.2.1/thumb/v6-m/nofp\libg.a(libc_a-mprec.o)
                0x1000c418                __d2b
 .text.__ascii_wctomb
                0x1000c4e4       0x1c C:/Users/aguat/.pico-sdk/toolchain/13_2_Rel1/bin/../lib/gcc/arm-none-eabi/13.2.1/thumb/v6-m/nofp\libg.a(libc_a-wctomb_r.o)
                0x1000c4e4                __ascii_wctomb
 .text._wcrtomb_r
                0x1000c500       0x50 C:/Users/aguat/.pico-sdk/toolchain/13_2_Rel1/bin/../lib/gcc/arm-none-eabi/13.2.1/thumb/v6-m/nofp\libg.a(libc_a-wcrtomb.o)
                0x1000c500                _wcrtomb_r
 .text._wcsrtombs_r
                0x1000c550       0x18 C:/Users/aguat/.pico-sdk/toolchain/13_2_Rel1/bin/../lib/gcc/arm-none-eabi/13.2.1/thumb/v6-m/nofp\libg.a(libc_a-wcsrtombs.o)
                0x1000c550                _wcsrtombs_r
 .text._fclose_r
                0x1000c568       0xd0 C:/Users/aguat/.pico-sdk/toolchain/13_2_Rel1/bin/../lib/gcc/arm-none-eabi/13.2.1/thumb/v6-m/nofp\libg.a(libc_a-fclose.o)
                0x1000c568                _fclose_r
 .text.__smakebuf_r
                0x1000c638       0xe0 C:/Users/aguat/.pico-sdk/toolchain/13_2_Rel1/bin/../lib/gcc/arm-none-eabi/13.2.1/thumb/v6-m/nofp\libg.a(libc_a-makebuf.o)
                0x1000c638                __smakebuf_r
 .text.__swbuf_r
                0x1000c718       0xc4 C:/Users/aguat/.pico-sdk/toolchain/13_2_Rel1/bin/../lib/gcc/arm-none-eabi/13.2.1/thumb/v6-m/nofp\libg.a(libc_a-wbuf.o)
                0x1000c718                __swbuf_r
 .text._fstat_r
                0x1000c7dc       0x28 C:/Users/aguat/.pico-sdk/toolchain/13_2_Rel1/bin/../lib/gcc/arm-none-eabi/13.2.1/thumb/v6-m/nofp\libg.a(libc_a-fstatr.o)
                0x1000c7dc                _fstat_r
 .text._isatty_r
                0x1000c804       0x24 C:/Users/aguat/.pico-sdk/toolchain/13_2_Rel1/bin/../lib/gcc/arm-none-eabi/13.2.1/thumb/v6-m/nofp\libg.a(libc_a-isattyr.o)
                0x1000c804                _isatty_r
 .text._wcsnrtombs_l
                0x1000c828      0x114 C:/Users/aguat/.pico-sdk/toolchain/13_2_Rel1/bin/../lib/gcc/arm-none-eabi/13.2.1/thumb/v6-m/nofp\libg.a(libc_a-wcsnrtombs.o)
                0x1000c828                _wcsnrtombs_l
 .text._wcsnrtombs_r
                0x1000c93c       0x24 C:/Users/aguat/.pico-sdk/toolchain/13_2_Rel1/bin/../lib/gcc/arm-none-eabi/13.2.1/thumb/v6-m/nofp\libg.a(libc_a-wcsnrtombs.o)
                0x1000c93c                _wcsnrtombs_r
 *(.fini)
 .fini          0x1000c960        0x4 C:/Users/aguat/.pico-sdk/toolchain/13_2_Rel1/bin/../lib/gcc/arm-none-eabi/13.2.1/thumb/v6-m/nofp/crti.o
                0x1000c960                _fini
 *fill*         0x1000c964        0x4 
 .fini.__stub   0x1000c968       0xc0 linker stubs
 *crtbegin.o(.ctors)
 *crtbegin?.o(.ctors)
 *(EXCLUDE_FILE(*crtend.o *crtend?.o) .ctors)
 *(SORT_BY_NAME(.ctors.*))
 *(.ctors)
 *crtbegin.o(.dtors)
 *crtbegin?.o(.dtors)
 *(EXCLUDE_FILE(*crtend.o *crtend?.o) .dtors)
 *(SORT_BY_NAME(.dtors.*))
 *(.dtors)
                0x1000ca28                        . = ALIGN (0x4)
                0x1000ca28                        PROVIDE (__preinit_array_start = .)
 *(SORT_BY_NAME(.preinit_array.*))
 .preinit_array.00100
                0x1000ca28        0x4 CMakeFiles/blink_qp.dir/C_/Users/aguat/.pico-sdk/sdk/2.0.0/src/rp2_common/pico_runtime_init/runtime_init.c.obj
                0x1000ca28                __pre_init_runtime_init_early_resets
 .preinit_array.00101
                0x1000ca2c        0x4 CMakeFiles/blink_qp.dir/C_/Users/aguat/.pico-sdk/sdk/2.0.0/src/rp2_common/pico_runtime_init/runtime_init.c.obj
                0x1000ca2c                __pre_init_runtime_init_usb_power_down
 .preinit_array.00275
                0x1000ca30        0x4 CMakeFiles/blink_qp.dir/C_/Users/aguat/.pico-sdk/sdk/2.0.0/src/rp2_common/pico_bit_ops/bit_ops_aeabi.S.obj
 .preinit_array.00300
                0x1000ca34        0x4 CMakeFiles/blink_qp.dir/C_/Users/aguat/.pico-sdk/sdk/2.0.0/src/rp2_common/pico_mem_ops/mem_ops_aeabi.S.obj
 .preinit_array.00350
                0x1000ca38        0x4 CMakeFiles/blink_qp.dir/C_/Users/aguat/.pico-sdk/sdk/2.0.0/src/rp2_common/pico_double/double_aeabi_rp2040.S.obj
 .preinit_array.00350
                0x1000ca3c        0x4 CMakeFiles/blink_qp.dir/C_/Users/aguat/.pico-sdk/sdk/2.0.0/src/rp2_common/pico_float/float_aeabi_rp2040.S.obj
 .preinit_array.00500
                0x1000ca40        0x4 CMakeFiles/blink_qp.dir/C_/Users/aguat/.pico-sdk/sdk/2.0.0/src/rp2_common/pico_runtime_init/runtime_init.c.obj
                0x1000ca40                __pre_init_runtime_init_clocks
 .preinit_array.00600
                0x1000ca44        0x4 CMakeFiles/blink_qp.dir/C_/Users/aguat/.pico-sdk/sdk/2.0.0/src/rp2_common/pico_runtime_init/runtime_init.c.obj
                0x1000ca44                __pre_init_runtime_init_post_clock_resets
 .preinit_array.00700
                0x1000ca48        0x4 CMakeFiles/blink_qp.dir/C_/Users/aguat/.pico-sdk/sdk/2.0.0/src/rp2_common/pico_runtime_init/runtime_init.c.obj
                0x1000ca48                __pre_init_runtime_init_rp2040_gpio_ie_disable
 .preinit_array.01000
                0x1000ca4c        0x4 CMakeFiles/blink_qp.dir/C_/Users/aguat/.pico-sdk/sdk/2.0.0/src/rp2_common/pico_runtime_init/runtime_init.c.obj
                0x1000ca4c                __pre_init_runtime_init_spin_locks_reset
 .preinit_array.01100
                0x1000ca50        0x4 CMakeFiles/blink_qp.dir/C_/Users/aguat/.pico-sdk/sdk/2.0.0/src/common/pico_sync/mutex.c.obj
                0x1000ca50                __pre_init_runtime_init_mutex
 .preinit_array.10080
                0x1000ca54        0x4 CMakeFiles/blink_qp.dir/C_/Users/aguat/.pico-sdk/sdk/2.0.0/src/rp2_common/pico_runtime_init/runtime_init.c.obj
                0x1000ca54                __pre_init_runtime_init_install_ram_vector_table
 .preinit_array.11000
                0x1000ca58        0x4 CMakeFiles/blink_qp.dir/C_/Users/aguat/.pico-sdk/sdk/2.0.0/src/common/pico_time/time.c.obj
                0x1000ca58                __pre_init_runtime_init_default_alarm_pool
 .preinit_array.YYYYY
                0x1000ca5c        0x4 CMakeFiles/blink_qp.dir/C_/Users/aguat/.pico-sdk/sdk/2.0.0/src/rp2_common/pico_runtime/runtime.c.obj
                0x1000ca5c                __pre_init_first_per_core_initializer
 .preinit_array.ZZZZZ.01200
                0x1000ca60        0x4 CMakeFiles/blink_qp.dir/C_/Users/aguat/.pico-sdk/sdk/2.0.0/src/rp2_common/hardware_irq/irq.c.obj
                0x1000ca60                __pre_init_runtime_init_per_core_irq_priorities
 *(.preinit_array)
                0x1000ca64                        PROVIDE (__preinit_array_end = .)
                0x1000ca64                        . = ALIGN (0x4)
                0x1000ca64                        PROVIDE (__init_array_start = .)
 *(SORT_BY_NAME(.init_array.*))
 *(.init_array)
 .init_array    0x1000ca64        0x4 C:/Users/aguat/.pico-sdk/toolchain/13_2_Rel1/bin/../lib/gcc/arm-none-eabi/13.2.1/thumb/v6-m/nofp/crtbegin.o
 .init_array    0x1000ca68        0x4 CMakeFiles/blink_qp.dir/C_/Users/aguat/.pico-sdk/sdk/2.0.0/src/rp2_common/pico_unique_id/unique_id.c.obj
                0x1000ca6c                        PROVIDE (__init_array_end = .)
                0x1000ca6c                        . = ALIGN (0x4)
                [!provide]                        PROVIDE (__fini_array_start = .)
 *(SORT_BY_NAME(.fini_array.*))
 *(.fini_array)
                [!provide]                        PROVIDE (__fini_array_end = .)
 *(.eh_frame*)
 .eh_frame      0x1000ca6c        0x0 C:/Users/aguat/.pico-sdk/toolchain/13_2_Rel1/bin/../lib/gcc/arm-none-eabi/13.2.1/thumb/v6-m/nofp/crtbegin.o
                0x1000ca6c                        . = ALIGN (0x4)

.glue_7         0x1000ca6c        0x0
 .glue_7        0x1000ca6c        0x0 linker stubs

.glue_7t        0x1000ca6c        0x0
 .glue_7t       0x1000ca6c        0x0 linker stubs

.vfp11_veneer   0x1000ca6c        0x0
 .vfp11_veneer  0x1000ca6c        0x0 linker stubs

.v4_bx          0x1000ca6c        0x0
 .v4_bx         0x1000ca6c        0x0 linker stubs

.iplt           0x1000ca6c        0x0
 .iplt          0x1000ca6c        0x0 C:/Users/aguat/.pico-sdk/toolchain/13_2_Rel1/bin/../lib/gcc/arm-none-eabi/13.2.1/thumb/v6-m/nofp/crtbegin.o

.rodata         0x1000ca70      0xcb0
 *(EXCLUDE_FILE(*libm.a: *libc.a:*lib_a-mem*.o *libgcc.a:) .rodata*)
 .rodata.QF_port_module_
                0x1000ca70        0x8 CMakeFiles/blink_qp.dir/qpc/ports/qv_port.c.obj
                0x1000ca70                QF_port_module_
 .rodata.AO_Blinky
                0x1000ca78        0x4 CMakeFiles/blink_qp.dir/qpc/qm/blinky.c.obj
                0x1000ca78                AO_Blinky
 .rodata.BSP_init.str1.4
                0x1000ca7c      0x376 CMakeFiles/blink_qp.dir/qpc/qm/bsp.c.obj
                                 0x48 (size before relaxing)
 .rodata.BSP_ledOff.str1.4
                0x1000cdf2        0x8 CMakeFiles/blink_qp.dir/qpc/qm/bsp.c.obj
 .rodata.BSP_ledOn.str1.4
                0x1000cdf2        0x7 CMakeFiles/blink_qp.dir/qpc/qm/bsp.c.obj
 .rodata.Q_onError.str1.4
                0x1000cdf2       0x1a CMakeFiles/blink_qp.dir/qpc/qm/bsp.c.obj
 *fill*         0x1000cdf2        0x2 
 .rodata.vtable.0
                0x1000cdf4        0xc CMakeFiles/blink_qp.dir/qpc/src/qf/qep_hsm.c.obj
 .rodata.QEvt_reserved_
                0x1000ce00       0x10 CMakeFiles/blink_qp.dir/qpc/src/qf/qep_hsm.c.obj
                0x1000ce00                QEvt_reserved_
 .rodata.Q_this_module_
                0x1000ce10        0x8 CMakeFiles/blink_qp.dir/qpc/src/qf/qep_hsm.c.obj
 .rodata.Q_this_module_
                0x1000ce18        0x8 CMakeFiles/blink_qp.dir/qpc/src/qf/qf_actq.c.obj
 .rodata.Q_this_module_
                0x1000ce20        0x7 CMakeFiles/blink_qp.dir/qpc/src/qf/qf_dyn.c.obj
 *fill*         0x1000ce27        0x1 
 .rodata.Q_this_module_
                0x1000ce28        0x7 CMakeFiles/blink_qp.dir/qpc/src/qf/qf_mem.c.obj
 *fill*         0x1000ce2f        0x1 
 .rodata.vtable.0
                0x1000ce30        0xc CMakeFiles/blink_qp.dir/qpc/src/qf/qf_qact.c.obj
 .rodata.Q_this_module_
                0x1000ce3c        0x8 CMakeFiles/blink_qp.dir/qpc/src/qf/qf_qact.c.obj
 .rodata.Q_this_module_
                0x1000ce44        0x8 CMakeFiles/blink_qp.dir/qpc/src/qf/qf_time.c.obj
 .rodata.Q_this_module_
                0x1000ce4c        0x3 CMakeFiles/blink_qp.dir/qpc/src/qv/qv.c.obj
 .rodata.panic.str1.4
                0x1000ce4f       0x12 CMakeFiles/blink_qp.dir/C_/Users/aguat/.pico-sdk/sdk/2.0.0/src/rp2_common/pico_platform_panic/panic.c.obj
 .rodata.spin_lock_claim_unused.str1.4
                0x1000ce4f       0x1b CMakeFiles/blink_qp.dir/C_/Users/aguat/.pico-sdk/sdk/2.0.0/src/rp2_common/hardware_sync/sync.c.obj
 .rodata.user_irq_claim_unused.str1.4
                0x1000ce4f       0x1b CMakeFiles/blink_qp.dir/C_/Users/aguat/.pico-sdk/sdk/2.0.0/src/rp2_common/hardware_irq/irq.c.obj
 *fill*         0x1000ce4f        0x1 
 .rodata.at_the_end_of_time
                0x1000ce50        0x8 CMakeFiles/blink_qp.dir/C_/Users/aguat/.pico-sdk/sdk/2.0.0/src/common/pico_time/time.c.obj
                0x1000ce50                at_the_end_of_time
 .rodata.timer_hardware_alarm_claim.str1.4
                0x1000ce58       0x22 CMakeFiles/blink_qp.dir/C_/Users/aguat/.pico-sdk/sdk/2.0.0/src/rp2_common/hardware_timer/timer.c.obj
 .rodata.hard_assertion_failure.str1.4
                0x1000ce58        0xc CMakeFiles/blink_qp.dir/C_/Users/aguat/.pico-sdk/sdk/2.0.0/src/rp2_common/pico_runtime/runtime.c.obj
 .rodata.str1.4
                0x1000ce58       0x34 CMakeFiles/blink_qp.dir/C_/Users/aguat/.pico-sdk/sdk/2.0.0/src/rp2_common/pico_standard_binary_info/standard_binary_info.c.obj
 .rodata.__bi_84
                0x1000ce58        0xc CMakeFiles/blink_qp.dir/C_/Users/aguat/.pico-sdk/sdk/2.0.0/src/rp2_common/pico_standard_binary_info/standard_binary_info.c.obj
 .rodata.__bi_60
                0x1000ce64        0xc CMakeFiles/blink_qp.dir/C_/Users/aguat/.pico-sdk/sdk/2.0.0/src/rp2_common/pico_standard_binary_info/standard_binary_info.c.obj
 .rodata.__bi_54
                0x1000ce70        0xc CMakeFiles/blink_qp.dir/C_/Users/aguat/.pico-sdk/sdk/2.0.0/src/rp2_common/pico_standard_binary_info/standard_binary_info.c.obj
 .rodata.__bi_48
                0x1000ce7c        0xc CMakeFiles/blink_qp.dir/C_/Users/aguat/.pico-sdk/sdk/2.0.0/src/rp2_common/pico_standard_binary_info/standard_binary_info.c.obj
 .rodata.__bi_42
                0x1000ce88        0xc CMakeFiles/blink_qp.dir/C_/Users/aguat/.pico-sdk/sdk/2.0.0/src/rp2_common/pico_standard_binary_info/standard_binary_info.c.obj
 .rodata.__bi_34
                0x1000ce94        0xc CMakeFiles/blink_qp.dir/C_/Users/aguat/.pico-sdk/sdk/2.0.0/src/rp2_common/pico_standard_binary_info/standard_binary_info.c.obj
 .rodata.__bi_26
                0x1000cea0        0xc CMakeFiles/blink_qp.dir/C_/Users/aguat/.pico-sdk/sdk/2.0.0/src/rp2_common/pico_standard_binary_info/standard_binary_info.c.obj
 .rodata._ftoa.str1.4
                0x1000ceac       0x15 CMakeFiles/blink_qp.dir/C_/Users/aguat/.pico-sdk/sdk/2.0.0/src/rp2_common/pico_printf/printf.c.obj
 .rodata._vsnprintf
                0x1000ceac      0x19c CMakeFiles/blink_qp.dir/C_/Users/aguat/.pico-sdk/sdk/2.0.0/src/rp2_common/pico_printf/printf.c.obj
 .rodata.pow10.0
                0x1000d048       0x50 CMakeFiles/blink_qp.dir/C_/Users/aguat/.pico-sdk/sdk/2.0.0/src/rp2_common/pico_printf/printf.c.obj
 .rodata.__assert_func.str1.4
                0x1000d098       0x43 CMakeFiles/blink_qp.dir/C_/Users/aguat/.pico-sdk/sdk/2.0.0/src/rp2_common/pico_clib_interface/newlib_interface.c.obj
 .rodata.crlf_str.0
                0x1000d098        0x2 CMakeFiles/blink_qp.dir/C_/Users/aguat/.pico-sdk/sdk/2.0.0/src/rp2_common/pico_stdio/stdio.c.obj
 *fill*         0x1000d09a        0x2 
 .rodata._resetd_driver
                0x1000d09c       0x20 CMakeFiles/blink_qp.dir/C_/Users/aguat/.pico-sdk/sdk/2.0.0/src/rp2_common/pico_stdio_usb/reset_interface.c.obj
 .rodata.desc_ms_os_20
                0x1000d0bc       0xa6 CMakeFiles/blink_qp.dir/C_/Users/aguat/.pico-sdk/sdk/2.0.0/src/rp2_common/pico_stdio_usb/reset_interface.c.obj
 *fill*         0x1000d162        0x2 
 .rodata.desc_bos
                0x1000d164       0x21 CMakeFiles/blink_qp.dir/C_/Users/aguat/.pico-sdk/sdk/2.0.0/src/rp2_common/pico_stdio_usb/reset_interface.c.obj
                0x1000d164                desc_bos
 .rodata.str1.4
                0x1000d185       0x13 CMakeFiles/blink_qp.dir/C_/Users/aguat/.pico-sdk/sdk/2.0.0/src/rp2_common/pico_stdio_usb/stdio_usb.c.obj
 *fill*         0x1000d185        0x3 
 .rodata.__bi_197.0
                0x1000d188        0xc CMakeFiles/blink_qp.dir/C_/Users/aguat/.pico-sdk/sdk/2.0.0/src/rp2_common/pico_stdio_usb/stdio_usb.c.obj
 .rodata.str1.4
                0x1000d194       0x2a CMakeFiles/blink_qp.dir/C_/Users/aguat/.pico-sdk/sdk/2.0.0/src/rp2_common/pico_stdio_usb/stdio_usb_descriptors.c.obj
 .rodata.usbd_desc_str
                0x1000d194       0x18 CMakeFiles/blink_qp.dir/C_/Users/aguat/.pico-sdk/sdk/2.0.0/src/rp2_common/pico_stdio_usb/stdio_usb_descriptors.c.obj
 .rodata.usbd_desc_cfg
                0x1000d1ac       0x54 CMakeFiles/blink_qp.dir/C_/Users/aguat/.pico-sdk/sdk/2.0.0/src/rp2_common/pico_stdio_usb/stdio_usb_descriptors.c.obj
 .rodata.usbd_desc_device
                0x1000d200       0x12 CMakeFiles/blink_qp.dir/C_/Users/aguat/.pico-sdk/sdk/2.0.0/src/rp2_common/pico_stdio_usb/stdio_usb_descriptors.c.obj
 .rodata.str1.4
                0x1000d212       0x14 CMakeFiles/blink_qp.dir/C_/Users/aguat/.pico-sdk/sdk/2.0.0/lib/tinyusb/src/portable/raspberrypi/rp2040/dcd_rp2040.c.obj
 .rodata.str1.4
                0x1000d212       0x48 CMakeFiles/blink_qp.dir/C_/Users/aguat/.pico-sdk/sdk/2.0.0/lib/tinyusb/src/portable/raspberrypi/rp2040/rp2040_usb.c.obj
 *fill*         0x1000d212        0x2 
 .rodata.tud_task_ext
                0x1000d214       0x8c CMakeFiles/blink_qp.dir/C_/Users/aguat/.pico-sdk/sdk/2.0.0/lib/tinyusb/src/device/usbd.c.obj
 .rodata        0x1000d2a0       0x1c CMakeFiles/blink_qp.dir/C_/Users/aguat/.pico-sdk/sdk/2.0.0/lib/tinyusb/src/device/usbd.c.obj
 .rodata._usbd_driver
                0x1000d2bc       0x40 CMakeFiles/blink_qp.dir/C_/Users/aguat/.pico-sdk/sdk/2.0.0/lib/tinyusb/src/device/usbd.c.obj
 .rodata._ctype_
                0x1000d2fc      0x101 C:/Users/aguat/.pico-sdk/toolchain/13_2_Rel1/bin/../lib/gcc/arm-none-eabi/13.2.1/thumb/v6-m/nofp\libg.a(libc_a-ctype_.o)
                0x1000d2fc                _ctype_
 .rodata._vfprintf_r.str1.4
                0x1000d3fd       0x42 C:/Users/aguat/.pico-sdk/toolchain/13_2_Rel1/bin/../lib/gcc/arm-none-eabi/13.2.1/thumb/v6-m/nofp\libg.a(libc_a-vfprintf.o)
 *fill*         0x1000d3fd        0x3 
 .rodata._vfprintf_r
                0x1000d400      0x204 C:/Users/aguat/.pico-sdk/toolchain/13_2_Rel1/bin/../lib/gcc/arm-none-eabi/13.2.1/thumb/v6-m/nofp\libg.a(libc_a-vfprintf.o)
 .rodata.zeroes.0
                0x1000d604       0x10 C:/Users/aguat/.pico-sdk/toolchain/13_2_Rel1/bin/../lib/gcc/arm-none-eabi/13.2.1/thumb/v6-m/nofp\libg.a(libc_a-vfprintf.o)
 .rodata.blanks.1
                0x1000d614       0x10 C:/Users/aguat/.pico-sdk/toolchain/13_2_Rel1/bin/../lib/gcc/arm-none-eabi/13.2.1/thumb/v6-m/nofp\libg.a(libc_a-vfprintf.o)
 .rodata.str1.4
                0x1000d624       0x4c C:/Users/aguat/.pico-sdk/toolchain/13_2_Rel1/bin/../lib/gcc/arm-none-eabi/13.2.1/thumb/v6-m/nofp\libg.a(libc_a-locale.o)
 .rodata._dtoa_r.str1.4
                0x1000d624       0x81 C:/Users/aguat/.pico-sdk/toolchain/13_2_Rel1/bin/../lib/gcc/arm-none-eabi/13.2.1/thumb/v6-m/nofp\libg.a(libc_a-dtoa.o)
 .rodata.__multadd.str1.4
                0x1000d624       0x6e C:/Users/aguat/.pico-sdk/toolchain/13_2_Rel1/bin/../lib/gcc/arm-none-eabi/13.2.1/thumb/v6-m/nofp\libg.a(libc_a-mprec.o)
 .rodata.p05.0  0x1000d624        0xc C:/Users/aguat/.pico-sdk/toolchain/13_2_Rel1/bin/../lib/gcc/arm-none-eabi/13.2.1/thumb/v6-m/nofp\libg.a(libc_a-mprec.o)
 .rodata.__mprec_bigtens
                0x1000d630       0x28 C:/Users/aguat/.pico-sdk/toolchain/13_2_Rel1/bin/../lib/gcc/arm-none-eabi/13.2.1/thumb/v6-m/nofp\libg.a(libc_a-mprec.o)
                0x1000d630                __mprec_bigtens
 .rodata.__mprec_tens
                0x1000d658       0xc8 C:/Users/aguat/.pico-sdk/toolchain/13_2_Rel1/bin/../lib/gcc/arm-none-eabi/13.2.1/thumb/v6-m/nofp\libg.a(libc_a-mprec.o)
                0x1000d658                __mprec_tens
                0x1000d720                        . = ALIGN (0x4)
 *(SORT_BY_ALIGNMENT(SORT_BY_NAME(.flashdata*)))
                0x1000d720                        . = ALIGN (0x4)

.ARM.extab
 *(.ARM.extab* .gnu.linkonce.armextab.*)
                0x1000d720                        __exidx_start = .

.ARM.exidx
 *(.ARM.exidx* .gnu.linkonce.armexidx.*)
                0x1000d720                        __exidx_end = .
                0x1000d720                        . = ALIGN (0x4)
                0x1000d720                        __binary_info_start = .

.binary_info    0x1000d720       0x20
 *(.binary_info.keep.*)
 .binary_info.keep.__bi_ptr84
                0x1000d720        0x4 CMakeFiles/blink_qp.dir/C_/Users/aguat/.pico-sdk/sdk/2.0.0/src/rp2_common/pico_standard_binary_info/standard_binary_info.c.obj
 .binary_info.keep.__bi_ptr60
                0x1000d724        0x4 CMakeFiles/blink_qp.dir/C_/Users/aguat/.pico-sdk/sdk/2.0.0/src/rp2_common/pico_standard_binary_info/standard_binary_info.c.obj
 .binary_info.keep.__bi_ptr54
                0x1000d728        0x4 CMakeFiles/blink_qp.dir/C_/Users/aguat/.pico-sdk/sdk/2.0.0/src/rp2_common/pico_standard_binary_info/standard_binary_info.c.obj
 .binary_info.keep.__bi_ptr48
                0x1000d72c        0x4 CMakeFiles/blink_qp.dir/C_/Users/aguat/.pico-sdk/sdk/2.0.0/src/rp2_common/pico_standard_binary_info/standard_binary_info.c.obj
 .binary_info.keep.__bi_ptr42
                0x1000d730        0x4 CMakeFiles/blink_qp.dir/C_/Users/aguat/.pico-sdk/sdk/2.0.0/src/rp2_common/pico_standard_binary_info/standard_binary_info.c.obj
 .binary_info.keep.__bi_ptr34
                0x1000d734        0x4 CMakeFiles/blink_qp.dir/C_/Users/aguat/.pico-sdk/sdk/2.0.0/src/rp2_common/pico_standard_binary_info/standard_binary_info.c.obj
 .binary_info.keep.__bi_ptr26
                0x1000d738        0x4 CMakeFiles/blink_qp.dir/C_/Users/aguat/.pico-sdk/sdk/2.0.0/src/rp2_common/pico_standard_binary_info/standard_binary_info.c.obj
 *(.binary_info.*)
 .binary_info.__bi_ptr197
                0x1000d73c        0x4 CMakeFiles/blink_qp.dir/C_/Users/aguat/.pico-sdk/sdk/2.0.0/src/rp2_common/pico_stdio_usb/stdio_usb.c.obj
                0x1000d740                        __binary_info_end = .

.rel.dyn        0x1000d740        0x0
 .rel.iplt      0x1000d740        0x0 C:/Users/aguat/.pico-sdk/toolchain/13_2_Rel1/bin/../lib/gcc/arm-none-eabi/13.2.1/thumb/v6-m/nofp/crtbegin.o
                0x1000d740                        . = ALIGN (0x4)

.ram_vector_table
                0x20000000       0xc0
 *(.ram_vector_table)
 .ram_vector_table
                0x20000000       0xc0 CMakeFiles/blink_qp.dir/C_/Users/aguat/.pico-sdk/sdk/2.0.0/src/rp2_common/pico_runtime_init/runtime_init.c.obj
                0x20000000                ram_vector_table

.uninitialized_data
                0x200000c0        0x0
                0x200000c0                        . = ALIGN (0x4)
 *(.uninitialized_data*)

.data           0x200000c0     0x1650 load address 0x1000d740
                0x200000c0                        __data_start__ = .
 *(vtable)
 *(.time_critical*)
 .time_critical.mutex_try_enter
                0x200000c0       0x40 CMakeFiles/blink_qp.dir/C_/Users/aguat/.pico-sdk/sdk/2.0.0/src/common/pico_sync/mutex.c.obj
                0x200000c0                mutex_try_enter
 .time_critical.mutex_try_enter_block_until
                0x20000100       0x9c CMakeFiles/blink_qp.dir/C_/Users/aguat/.pico-sdk/sdk/2.0.0/src/common/pico_sync/mutex.c.obj
                0x20000100                mutex_try_enter_block_until
 .time_critical.mutex_enter_timeout_ms
                0x2000019c       0x90 CMakeFiles/blink_qp.dir/C_/Users/aguat/.pico-sdk/sdk/2.0.0/src/common/pico_sync/mutex.c.obj
                0x2000019c                mutex_enter_timeout_ms
 .time_critical.mutex_exit